[    4313ms] [INFO] %cDownload the React DevTools for a better development experience: https://react.dev/link/react-devtools font-weight:bold @ webpack-internal:///(app-pages-browser)/../../node_modules/next/dist/next-devtools/shared/forward-logs-shared.js:44
[    4394ms] [LOG] [HMR] connected @ webpack-internal:///(app-pages-browser)/../../node_modules/next/dist/next-devtools/shared/forward-logs-shared.js:44
[    6140ms] [LOG] [Fast Refresh] rebuilding @ webpack-internal:///(app-pages-browser)/../../node_modules/next/dist/next-devtools/shared/forward-logs-shared.js:44
[    6987ms] [LOG] [Fast Refresh] done in 848ms @ webpack-internal:///(app-pages-browser)/../../node_modules/next/dist/next-devtools/shared/forward-logs-shared.js:44
[    6993ms] [LOG] [Fast Refresh] rebuilding @ webpack-internal:///(app-pages-browser)/../../node_modules/next/dist/next-devtools/shared/forward-logs-shared.js:44
[    7464ms] [LOG] [Fast Refresh] done in 471ms @ webpack-internal:///(app-pages-browser)/../../node_modules/next/dist/next-devtools/shared/forward-logs-shared.js:44
[   20302ms] [WARNING] The resource http://localhost:3111/_next/static/css/app/layout.css?v=1790872626703 was preloaded using link preload but not used within a few seconds from the window's load event. Please make sure it has an appropriate `as` value and it is preloaded intentionally. @ http://localhost:3111/cronograma?proyectoId=51f5905b-6198-46b3-a3d3-abd4793c0e7c:0
[   20305ms] [WARNING] The resource http://localhost:3111/_next/static/css/app/layout.css?v=1790872628680 was preloaded using link preload but not used within a few seconds from the window's load event. Please make sure it has an appropriate `as` value and it is preloaded intentionally. @ http://localhost:3111/cronograma?proyectoId=51f5905b-6198-46b3-a3d3-abd4793c0e7c:0
[   25199ms] [WARNING] The resource http://localhost:3111/_next/static/css/app/layout.css?v=1790872626703 was preloaded using link preload but not used within a few seconds from the window's load event. Please make sure it has an appropriate `as` value and it is preloaded intentionally. @ http://localhost:3111/cronograma?proyectoId=51f5905b-6198-46b3-a3d3-abd4793c0e7c:0
[   25199ms] [WARNING] The resource http://localhost:3111/_next/static/css/app/layout.css?v=1790872628680 was preloaded using link preload but not used within a few seconds from the window's load event. Please make sure it has an appropriate `as` value and it is preloaded intentionally. @ http://localhost:3111/cronograma?proyectoId=51f5905b-6198-46b3-a3d3-abd4793c0e7c:0
[   35186ms] [WARNING] The resource http://localhost:3111/_next/static/css/app/layout.css?v=1790872626703 was preloaded using link preload but not used within a few seconds from the window's load event. Please make sure it has an appropriate `as` value and it is preloaded intentionally. @ http://localhost:3111/cronograma?proyectoId=51f5905b-6198-46b3-a3d3-abd4793c0e7c:0
[   35186ms] [WARNING] The resource http://localhost:3111/_next/static/css/app/layout.css?v=1790872628680 was preloaded using link preload but not used within a few seconds from the window's load event. Please make sure it has an appropriate `as` value and it is preloaded intentionally. @ http://localhost:3111/cronograma?proyectoId=51f5905b-6198-46b3-a3d3-abd4793c0e7c:0
[   40332ms] [WARNING] The resource http://localhost:3111/_next/static/css/app/layout.css?v=1790872626703 was preloaded using link preload but not used within a few seconds from the window's load event. Please make sure it has an appropriate `as` value and it is preloaded intentionally. @ http://localhost:3111/cronograma?proyectoId=51f5905b-6198-46b3-a3d3-abd4793c0e7c:0
[   40332ms] [WARNING] The resource http://localhost:3111/_next/static/css/app/layout.css?v=1790872628680 was preloaded using link preload but not used within a few seconds from the window's load event. Please make sure it has an appropriate `as` value and it is preloaded intentionally. @ http://localhost:3111/cronograma?proyectoId=51f5905b-6198-46b3-a3d3-abd4793c0e7c:0
[   45172ms] [WARNING] The resource http://localhost:3111/_next/static/css/app/layout.css?v=1790872626703 was preloaded using link preload but not used within a few seconds from the window's load event. Please make sure it has an appropriate `as` value and it is preloaded intentionally. @ http://localhost:3111/cronograma?proyectoId=51f5905b-6198-46b3-a3d3-abd4793c0e7c:0
[   45173ms] [WARNING] The resource http://localhost:3111/_next/static/css/app/layout.css?v=1790872628680 was preloaded using link preload but not used within a few seconds from the window's load event. Please make sure it has an appropriate `as` value and it is preloaded intentionally. @ http://localhost:3111/cronograma?proyectoId=51f5905b-6198-46b3-a3d3-abd4793c0e7c:0
[   50301ms] [WARNING] The resource http://localhost:3111/_next/static/css/app/layout.css?v=1790872626703 was preloaded using link preload but not used within a few seconds from the window's load event. Please make sure it has an appropriate `as` value and it is preloaded intentionally. @ http://localhost:3111/cronograma?proyectoId=51f5905b-6198-46b3-a3d3-abd4793c0e7c:0
[   50305ms] [WARNING] The resource http://localhost:3111/_next/static/css/app/layout.css?v=1790872628680 was preloaded using link preload but not used within a few seconds from the window's load event. Please make sure it has an appropriate `as` value and it is preloaded intentionally. @ http://localhost:3111/cronograma?proyectoId=51f5905b-6198-46b3-a3d3-abd4793c0e7c:0
[   55209ms] [WARNING] The resource http://localhost:3111/_next/static/css/app/layout.css?v=1790872626703 was preloaded using link preload but not used within a few seconds from the window's load event. Please make sure it has an appropriate `as` value and it is preloaded intentionally. @ http://localhost:3111/cronograma?proyectoId=51f5905b-6198-46b3-a3d3-abd4793c0e7c:0
[   55210ms] [WARNING] The resource http://localhost:3111/_next/static/css/app/layout.css?v=1790872628680 was preloaded using link preload but not used within a few seconds from the window's load event. Please make sure it has an appropriate `as` value and it is preloaded intentionally. @ http://localhost:3111/cronograma?proyectoId=51f5905b-6198-46b3-a3d3-abd4793c0e7c:0
[   57159ms] [ERROR] Failed to load resource: the server responded with a status of 409 (Conflict) @ http://localhost:3111/api/cronograma:0
[   65188ms] [WARNING] The resource http://localhost:3111/_next/static/css/app/layout.css?v=1790872626703 was preloaded using link preload but not used within a few seconds from the window's load event. Please make sure it has an appropriate `as` value and it is preloaded intentionally. @ http://localhost:3111/cronograma?proyectoId=51f5905b-6198-46b3-a3d3-abd4793c0e7c:0
[   65188ms] [WARNING] The resource http://localhost:3111/_next/static/css/app/layout.css?v=1790872628680 was preloaded using link preload but not used within a few seconds from the window's load event. Please make sure it has an appropriate `as` value and it is preloaded intentionally. @ http://localhost:3111/cronograma?proyectoId=51f5905b-6198-46b3-a3d3-abd4793c0e7c:0
[   69666ms] [ERROR] WebSocket connection to 'ws://localhost:3111/_next/hmr?id=srJY_jdSeXt8SWBa9BnAN' failed: Error in connection establishment: net::ERR_CONNECTION_REFUSED @ webpack-internal:///(app-pages-browser)/../../node_modules/next/dist/client/dev/hot-reloader/app/web-socket.js:55
[   70161ms] [ERROR] Failed to load resource: net::ERR_CONNECTION_REFUSED @ http://localhost:3111/api/notificaciones/count:0
[   70212ms] [ERROR] Failed to load resource: net::ERR_CONNECTION_REFUSED @ http://localhost:3111/cronograma?proyectoId=51f5905b-6198-46b3-a3d3-abd4793c0e7c&_rsc=HcjiZGsiflWO0_jR:0
[   70215ms] [ERROR] Failed to fetch RSC payload for http://localhost:3111/cronograma?proyectoId=51f5905b-6198-46b3-a3d3-abd4793c0e7c. Falling back to browser navigation. TypeError: Failed to fetch
    at fetchInternal (webpack-internal:///(app-pages-browser)/../../node_modules/next/dist/client/components/segment-cache/fetch.js:28:12)
    at createFetch (webpack-internal:///(app-pages-browser)/../../node_modules/next/dist/client/components/router-reducer/fetch-server-response.js:402:38)
    at async fetchServerResponse (webpack-internal:///(app-pages-browser)/../../node_modules/next/dist/client/components/router-reducer/fetch-server-response.js:99:21)
    at async fetchMissingDynamicData (webpack-internal:///(app-pages-browser)/../../node_modules/next/dist/client/components/router-reducer/ppr-navigations.js:1085:24) @ webpack-internal:///(app-pages-browser)/../../node_modules/next/dist/next-devtools/userspace/app/errors/intercept-console-error.js:57
