[    8273ms] [VERBOSE] [DOM] Input elements should have autocomplete attributes (suggested: "current-password"): (More info: https://goo.gl/9p2vKq) %o @ http://localhost:3111/login:0
[    8835ms] [INFO] %cDownload the React DevTools for a better development experience: https://react.dev/link/react-devtools font-weight:bold @ webpack-internal:///(app-pages-browser)/../../node_modules/next/dist/next-devtools/shared/forward-logs-shared.js:44
[    8873ms] [LOG] [HMR] connected @ webpack-internal:///(app-pages-browser)/../../node_modules/next/dist/next-devtools/shared/forward-logs-shared.js:44
[   47874ms] [VERBOSE] [DOM] Input elements should have autocomplete attributes (suggested: "current-password"): (More info: https://goo.gl/9p2vKq) %o @ http://localhost:3111/login:0
[   48663ms] [INFO] %cDownload the React DevTools for a better development experience: https://react.dev/link/react-devtools font-weight:bold @ webpack-internal:///(app-pages-browser)/../../node_modules/next/dist/next-devtools/shared/forward-logs-shared.js:44
[   48742ms] [LOG] [HMR] connected @ webpack-internal:///(app-pages-browser)/../../node_modules/next/dist/next-devtools/shared/forward-logs-shared.js:44
[   83096ms] [LOG] [Fast Refresh] rebuilding @ webpack-internal:///(app-pages-browser)/../../node_modules/next/dist/next-devtools/shared/forward-logs-shared.js:44
[   84374ms] [LOG] [Fast Refresh] done in 1279ms @ webpack-internal:///(app-pages-browser)/../../node_modules/next/dist/next-devtools/shared/forward-logs-shared.js:44
[   88084ms] [LOG] [Fast Refresh] rebuilding @ webpack-internal:///(app-pages-browser)/../../node_modules/next/dist/next-devtools/shared/forward-logs-shared.js:44
[   88404ms] [LOG] [Fast Refresh] done in 320ms @ webpack-internal:///(app-pages-browser)/../../node_modules/next/dist/next-devtools/shared/forward-logs-shared.js:44
[   88413ms] [LOG] [Fast Refresh] rebuilding @ webpack-internal:///(app-pages-browser)/../../node_modules/next/dist/next-devtools/shared/forward-logs-shared.js:44
[   88580ms] [LOG] [Fast Refresh] done in 167ms @ webpack-internal:///(app-pages-browser)/../../node_modules/next/dist/next-devtools/shared/forward-logs-shared.js:44
[  102937ms] [WARNING] The resource http://localhost:3111/_next/static/css/app/layout.css?v=1790871566246 was preloaded using link preload but not used within a few seconds from the window's load event. Please make sure it has an appropriate `as` value and it is preloaded intentionally. @ http://localhost:3111/programas/2cc56c7d-6273-4ac3-82e2-46121e37092b/portafolios/31598abb-e89a-4a8a-98af-bdbbe413d973:0
[  102937ms] [WARNING] The resource http://localhost:3111/_next/static/css/app/layout.css?v=1790871570198 was preloaded using link preload but not used within a few seconds from the window's load event. Please make sure it has an appropriate `as` value and it is preloaded intentionally. @ http://localhost:3111/programas/2cc56c7d-6273-4ac3-82e2-46121e37092b/portafolios/31598abb-e89a-4a8a-98af-bdbbe413d973:0
[  104005ms] [LOG] [Fast Refresh] rebuilding @ webpack-internal:///(app-pages-browser)/../../node_modules/next/dist/next-devtools/shared/forward-logs-shared.js:44
[  104852ms] [LOG] [Fast Refresh] done in 847ms @ webpack-internal:///(app-pages-browser)/../../node_modules/next/dist/next-devtools/shared/forward-logs-shared.js:44
[  107852ms] [LOG] [Fast Refresh] rebuilding @ webpack-internal:///(app-pages-browser)/../../node_modules/next/dist/next-devtools/shared/forward-logs-shared.js:44
[  108715ms] [LOG] [Fast Refresh] rebuilding @ webpack-internal:///(app-pages-browser)/../../node_modules/next/dist/next-devtools/shared/forward-logs-shared.js:44
[  109276ms] [LOG] [Fast Refresh] done in 561ms @ webpack-internal:///(app-pages-browser)/../../node_modules/next/dist/next-devtools/shared/forward-logs-shared.js:44
[  111351ms] [LOG] [Fast Refresh] done in 2636ms @ webpack-internal:///(app-pages-browser)/../../node_modules/next/dist/next-devtools/shared/forward-logs-shared.js:44
[  117924ms] [WARNING] The resource http://localhost:3111/_next/static/css/app/layout.css?v=1790871566246 was preloaded using link preload but not used within a few seconds from the window's load event. Please make sure it has an appropriate `as` value and it is preloaded intentionally. @ http://localhost:3111/programas/2cc56c7d-6273-4ac3-82e2-46121e37092b/portafolios/31598abb-e89a-4a8a-98af-bdbbe413d973/proyectos/nuevo:0
[  117924ms] [WARNING] The resource http://localhost:3111/_next/static/css/app/layout.css?v=1790871570198 was preloaded using link preload but not used within a few seconds from the window's load event. Please make sure it has an appropriate `as` value and it is preloaded intentionally. @ http://localhost:3111/programas/2cc56c7d-6273-4ac3-82e2-46121e37092b/portafolios/31598abb-e89a-4a8a-98af-bdbbe413d973/proyectos/nuevo:0
[  122794ms] [WARNING] The resource http://localhost:3111/_next/static/css/app/layout.css?v=1790871566246 was preloaded using link preload but not used within a few seconds from the window's load event. Please make sure it has an appropriate `as` value and it is preloaded intentionally. @ http://localhost:3111/programas/2cc56c7d-6273-4ac3-82e2-46121e37092b/portafolios/31598abb-e89a-4a8a-98af-bdbbe413d973/proyectos/nuevo:0
[  122794ms] [WARNING] The resource http://localhost:3111/_next/static/css/app/layout.css?v=1790871570198 was preloaded using link preload but not used within a few seconds from the window's load event. Please make sure it has an appropriate `as` value and it is preloaded intentionally. @ http://localhost:3111/programas/2cc56c7d-6273-4ac3-82e2-46121e37092b/portafolios/31598abb-e89a-4a8a-98af-bdbbe413d973/proyectos/nuevo:0
[  132937ms] [WARNING] The resource http://localhost:3111/_next/static/css/app/layout.css?v=1790871566246 was preloaded using link preload but not used within a few seconds from the window's load event. Please make sure it has an appropriate `as` value and it is preloaded intentionally. @ http://localhost:3111/programas/2cc56c7d-6273-4ac3-82e2-46121e37092b/portafolios/31598abb-e89a-4a8a-98af-bdbbe413d973/proyectos/nuevo:0
[  132937ms] [WARNING] The resource http://localhost:3111/_next/static/css/app/layout.css?v=1790871570198 was preloaded using link preload but not used within a few seconds from the window's load event. Please make sure it has an appropriate `as` value and it is preloaded intentionally. @ http://localhost:3111/programas/2cc56c7d-6273-4ac3-82e2-46121e37092b/portafolios/31598abb-e89a-4a8a-98af-bdbbe413d973/proyectos/nuevo:0
[  137969ms] [WARNING] The resource http://localhost:3111/_next/static/css/app/layout.css?v=1790871566246 was preloaded using link preload but not used within a few seconds from the window's load event. Please make sure it has an appropriate `as` value and it is preloaded intentionally. @ http://localhost:3111/programas/2cc56c7d-6273-4ac3-82e2-46121e37092b/portafolios/31598abb-e89a-4a8a-98af-bdbbe413d973/proyectos/nuevo:0
[  137970ms] [WARNING] The resource http://localhost:3111/_next/static/css/app/layout.css?v=1790871570198 was preloaded using link preload but not used within a few seconds from the window's load event. Please make sure it has an appropriate `as` value and it is preloaded intentionally. @ http://localhost:3111/programas/2cc56c7d-6273-4ac3-82e2-46121e37092b/portafolios/31598abb-e89a-4a8a-98af-bdbbe413d973/proyectos/nuevo:0
[  142798ms] [WARNING] The resource http://localhost:3111/_next/static/css/app/layout.css?v=1790871566246 was preloaded using link preload but not used within a few seconds from the window's load event. Please make sure it has an appropriate `as` value and it is preloaded intentionally. @ http://localhost:3111/programas/2cc56c7d-6273-4ac3-82e2-46121e37092b/portafolios/31598abb-e89a-4a8a-98af-bdbbe413d973/proyectos/nuevo:0
[  142798ms] [WARNING] The resource http://localhost:3111/_next/static/css/app/layout.css?v=1790871570198 was preloaded using link preload but not used within a few seconds from the window's load event. Please make sure it has an appropriate `as` value and it is preloaded intentionally. @ http://localhost:3111/programas/2cc56c7d-6273-4ac3-82e2-46121e37092b/portafolios/31598abb-e89a-4a8a-98af-bdbbe413d973/proyectos/nuevo:0
[  152891ms] [WARNING] The resource http://localhost:3111/_next/static/css/app/layout.css?v=1790871566246 was preloaded using link preload but not used within a few seconds from the window's load event. Please make sure it has an appropriate `as` value and it is preloaded intentionally. @ http://localhost:3111/programas/2cc56c7d-6273-4ac3-82e2-46121e37092b/portafolios/31598abb-e89a-4a8a-98af-bdbbe413d973/proyectos/nuevo:0
[  152892ms] [WARNING] The resource http://localhost:3111/_next/static/css/app/layout.css?v=1790871570198 was preloaded using link preload but not used within a few seconds from the window's load event. Please make sure it has an appropriate `as` value and it is preloaded intentionally. @ http://localhost:3111/programas/2cc56c7d-6273-4ac3-82e2-46121e37092b/portafolios/31598abb-e89a-4a8a-98af-bdbbe413d973/proyectos/nuevo:0
[  157810ms] [WARNING] The resource http://localhost:3111/_next/static/css/app/layout.css?v=1790871566246 was preloaded using link preload but not used within a few seconds from the window's load event. Please make sure it has an appropriate `as` value and it is preloaded intentionally. @ http://localhost:3111/programas/2cc56c7d-6273-4ac3-82e2-46121e37092b/portafolios/31598abb-e89a-4a8a-98af-bdbbe413d973/proyectos/nuevo:0
[  157810ms] [WARNING] The resource http://localhost:3111/_next/static/css/app/layout.css?v=1790871570198 was preloaded using link preload but not used within a few seconds from the window's load event. Please make sure it has an appropriate `as` value and it is preloaded intentionally. @ http://localhost:3111/programas/2cc56c7d-6273-4ac3-82e2-46121e37092b/portafolios/31598abb-e89a-4a8a-98af-bdbbe413d973/proyectos/nuevo:0
[  162797ms] [WARNING] The resource http://localhost:3111/_next/static/css/app/layout.css?v=1790871566246 was preloaded using link preload but not used within a few seconds from the window's load event. Please make sure it has an appropriate `as` value and it is preloaded intentionally. @ http://localhost:3111/programas/2cc56c7d-6273-4ac3-82e2-46121e37092b/portafolios/31598abb-e89a-4a8a-98af-bdbbe413d973/proyectos/nuevo:0
[  162798ms] [WARNING] The resource http://localhost:3111/_next/static/css/app/layout.css?v=1790871570198 was preloaded using link preload but not used within a few seconds from the window's load event. Please make sure it has an appropriate `as` value and it is preloaded intentionally. @ http://localhost:3111/programas/2cc56c7d-6273-4ac3-82e2-46121e37092b/portafolios/31598abb-e89a-4a8a-98af-bdbbe413d973/proyectos/nuevo:0
[  167846ms] [WARNING] The resource http://localhost:3111/_next/static/css/app/layout.css?v=1790871566246 was preloaded using link preload but not used within a few seconds from the window's load event. Please make sure it has an appropriate `as` value and it is preloaded intentionally. @ http://localhost:3111/programas/2cc56c7d-6273-4ac3-82e2-46121e37092b/portafolios/31598abb-e89a-4a8a-98af-bdbbe413d973/proyectos/nuevo:0
[  167847ms] [WARNING] The resource http://localhost:3111/_next/static/css/app/layout.css?v=1790871570198 was preloaded using link preload but not used within a few seconds from the window's load event. Please make sure it has an appropriate `as` value and it is preloaded intentionally. @ http://localhost:3111/programas/2cc56c7d-6273-4ac3-82e2-46121e37092b/portafolios/31598abb-e89a-4a8a-98af-bdbbe413d973/proyectos/nuevo:0
[  171021ms] [LOG] [Fast Refresh] rebuilding @ webpack-internal:///(app-pages-browser)/../../node_modules/next/dist/next-devtools/shared/forward-logs-shared.js:44
[  171795ms] [LOG] [Fast Refresh] done in 773ms @ webpack-internal:///(app-pages-browser)/../../node_modules/next/dist/next-devtools/shared/forward-logs-shared.js:44
[  172696ms] [ERROR] Failed to load resource: the server responded with a status of 400 (Bad Request) @ http://localhost:3111/api/proyectos:0
[  186630ms] [ERROR] Failed to load resource: the server responded with a status of 400 (Bad Request) @ http://localhost:3111/api/proyectos:0
[  192809ms] [WARNING] The resource http://localhost:3111/_next/static/css/app/layout.css?v=1790871566246 was preloaded using link preload but not used within a few seconds from the window's load event. Please make sure it has an appropriate `as` value and it is preloaded intentionally. @ http://localhost:3111/programas/2cc56c7d-6273-4ac3-82e2-46121e37092b/portafolios/31598abb-e89a-4a8a-98af-bdbbe413d973/proyectos/nuevo:0
[  192809ms] [WARNING] The resource http://localhost:3111/_next/static/css/app/layout.css?v=1790871570198 was preloaded using link preload but not used within a few seconds from the window's load event. Please make sure it has an appropriate `as` value and it is preloaded intentionally. @ http://localhost:3111/programas/2cc56c7d-6273-4ac3-82e2-46121e37092b/portafolios/31598abb-e89a-4a8a-98af-bdbbe413d973/proyectos/nuevo:0
[  195995ms] [LOG] [Fast Refresh] rebuilding @ webpack-internal:///(app-pages-browser)/../../node_modules/next/dist/next-devtools/shared/forward-logs-shared.js:44
[  196483ms] [LOG] [Fast Refresh] done in 489ms @ webpack-internal:///(app-pages-browser)/../../node_modules/next/dist/next-devtools/shared/forward-logs-shared.js:44
