[     522ms] [WARNING] The resource http://localhost:3115/_next/static/css/app/layout.css?v=1790974310715 was preloaded using link preload but not used within a few seconds from the window's load event. Please make sure it has an appropriate `as` value and it is preloaded intentionally. @ http://localhost:3115/cronograma?proyectoId=da33f1fa-0d2c-4cf6-adf3-2d723390b44d:0
[     522ms] [WARNING] The resource http://localhost:3115/_next/static/css/app/layout.css?v=1790974194244 was preloaded using link preload but not used within a few seconds from the window's load event. Please make sure it has an appropriate `as` value and it is preloaded intentionally. @ http://localhost:3115/cronograma?proyectoId=da33f1fa-0d2c-4cf6-adf3-2d723390b44d:0
[     522ms] [WARNING] The resource http://localhost:3115/_next/static/css/app/layout.css?v=1790974195989 was preloaded using link preload but not used within a few seconds from the window's load event. Please make sure it has an appropriate `as` value and it is preloaded intentionally. @ http://localhost:3115/cronograma?proyectoId=da33f1fa-0d2c-4cf6-adf3-2d723390b44d:0
[     522ms] [WARNING] The resource http://localhost:3115/_next/static/css/app/layout.css?v=1790974310363 was preloaded using link preload but not used within a few seconds from the window's load event. Please make sure it has an appropriate `as` value and it is preloaded intentionally. @ http://localhost:3115/cronograma?proyectoId=da33f1fa-0d2c-4cf6-adf3-2d723390b44d:0
[     673ms] [LOG] [Fast Refresh] rebuilding @ webpack-internal:///(app-pages-browser)/../../node_modules/next/dist/next-devtools/shared/forward-logs-shared.js:44
[    1709ms] [LOG] [Fast Refresh] done in 1036ms @ webpack-internal:///(app-pages-browser)/../../node_modules/next/dist/next-devtools/shared/forward-logs-shared.js:44
[    1763ms] [LOG] [Fast Refresh] rebuilding @ webpack-internal:///(app-pages-browser)/../../node_modules/next/dist/next-devtools/shared/forward-logs-shared.js:44
[    2400ms] [LOG] [Fast Refresh] done in 638ms @ webpack-internal:///(app-pages-browser)/../../node_modules/next/dist/next-devtools/shared/forward-logs-shared.js:44
[    7956ms] [INFO] %cDownload the React DevTools for a better development experience: https://react.dev/link/react-devtools font-weight:bold @ webpack-internal:///(app-pages-browser)/../../node_modules/next/dist/next-devtools/shared/forward-logs-shared.js:44
[    8051ms] [LOG] [HMR] connected @ webpack-internal:///(app-pages-browser)/../../node_modules/next/dist/next-devtools/shared/forward-logs-shared.js:44
[   36580ms] [INFO] %cDownload the React DevTools for a better development experience: https://react.dev/link/react-devtools font-weight:bold @ webpack-internal:///(app-pages-browser)/../../node_modules/next/dist/next-devtools/shared/forward-logs-shared.js:44
[   36670ms] [LOG] [HMR] connected @ webpack-internal:///(app-pages-browser)/../../node_modules/next/dist/next-devtools/shared/forward-logs-shared.js:44
[   56381ms] [LOG] [Fast Refresh] rebuilding @ webpack-internal:///(app-pages-browser)/../../node_modules/next/dist/next-devtools/shared/forward-logs-shared.js:44
[   59613ms] [WARNING] The resource http://localhost:3115/_next/static/css/app/layout.css?v=1790974412394 was preloaded using link preload but not used within a few seconds from the window's load event. Please make sure it has an appropriate `as` value and it is preloaded intentionally. @ http://localhost:3115/proyectos/da33f1fa-0d2c-4cf6-adf3-2d723390b44d/dashboard:0
[   67278ms] [LOG] [Fast Refresh] rebuilding @ webpack-internal:///(app-pages-browser)/../../node_modules/next/dist/next-devtools/shared/forward-logs-shared.js:44
[   69973ms] [WARNING] The resource http://localhost:3115/_next/static/css/app/layout.css?v=1790974412394 was preloaded using link preload but not used within a few seconds from the window's load event. Please make sure it has an appropriate `as` value and it is preloaded intentionally. @ http://localhost:3115/proyectos/da33f1fa-0d2c-4cf6-adf3-2d723390b44d/dashboard:0
[   70774ms] [LOG] [Fast Refresh] done in 3495ms @ webpack-internal:///(app-pages-browser)/../../node_modules/next/dist/next-devtools/shared/forward-logs-shared.js:44
[   73781ms] [WARNING] The resource http://localhost:3115/_next/static/css/app/layout.css?v=1790974412394 was preloaded using link preload but not used within a few seconds from the window's load event. Please make sure it has an appropriate `as` value and it is preloaded intentionally. @ http://localhost:3115/proyectos/da33f1fa-0d2c-4cf6-adf3-2d723390b44d/dashboard:0
[   74072ms] [LOG] [Fast Refresh] done in 6793ms @ webpack-internal:///(app-pages-browser)/../../node_modules/next/dist/next-devtools/shared/forward-logs-shared.js:44
[   81486ms] [INFO] %cDownload the React DevTools for a better development experience: https://react.dev/link/react-devtools font-weight:bold @ webpack-internal:///(app-pages-browser)/../../node_modules/next/dist/next-devtools/shared/forward-logs-shared.js:44
[   81617ms] [LOG] [HMR] connected @ webpack-internal:///(app-pages-browser)/../../node_modules/next/dist/next-devtools/shared/forward-logs-shared.js:44
[   82665ms] [LOG] [Fast Refresh] rebuilding @ webpack-internal:///(app-pages-browser)/../../node_modules/next/dist/next-devtools/shared/forward-logs-shared.js:44
[   83272ms] [LOG] [Fast Refresh] done in 606ms @ webpack-internal:///(app-pages-browser)/../../node_modules/next/dist/next-devtools/shared/forward-logs-shared.js:44
[   83667ms] [LOG] [Fast Refresh] rebuilding @ webpack-internal:///(app-pages-browser)/../../node_modules/next/dist/next-devtools/shared/forward-logs-shared.js:44
[   86299ms] [LOG] [Fast Refresh] done in 2632ms @ webpack-internal:///(app-pages-browser)/../../node_modules/next/dist/next-devtools/shared/forward-logs-shared.js:44
[  101428ms] [VERBOSE] [DOM] Input elements should have autocomplete attributes (suggested: "current-password"): (More info: https://goo.gl/9p2vKq) %o @ http://localhost:3115/login:0
[  104397ms] [WARNING] The resource http://localhost:3115/_next/static/css/app/layout.css?v=1790974459955 was preloaded using link preload but not used within a few seconds from the window's load event. Please make sure it has an appropriate `as` value and it is preloaded intentionally. @ http://localhost:3115/login:0
[  104397ms] [WARNING] The resource http://localhost:3115/_next/static/css/app/layout.css?v=1790974459578 was preloaded using link preload but not used within a few seconds from the window's load event. Please make sure it has an appropriate `as` value and it is preloaded intentionally. @ http://localhost:3115/login:0
[  108453ms] [WARNING] The resource http://localhost:3115/_next/static/css/app/layout.css?v=1790974459578 was preloaded using link preload but not used within a few seconds from the window's load event. Please make sure it has an appropriate `as` value and it is preloaded intentionally. @ http://localhost:3115/login:0
[  108453ms] [WARNING] The resource http://localhost:3115/_next/static/css/app/layout.css?v=1790974459955 was preloaded using link preload but not used within a few seconds from the window's load event. Please make sure it has an appropriate `as` value and it is preloaded intentionally. @ http://localhost:3115/login:0
[  108453ms] [WARNING] The resource http://localhost:3115/_next/static/css/app/layout.css?v=1790974479793 was preloaded using link preload but not used within a few seconds from the window's load event. Please make sure it has an appropriate `as` value and it is preloaded intentionally. @ http://localhost:3115/login:0
[  119546ms] [LOG] [Fast Refresh] rebuilding @ webpack-internal:///(app-pages-browser)/../../node_modules/next/dist/next-devtools/shared/forward-logs-shared.js:44
[  120846ms] [LOG] [Fast Refresh] done in 1299ms @ webpack-internal:///(app-pages-browser)/../../node_modules/next/dist/next-devtools/shared/forward-logs-shared.js:44
[  132163ms] [LOG] [Fast Refresh] rebuilding @ webpack-internal:///(app-pages-browser)/../../node_modules/next/dist/next-devtools/shared/forward-logs-shared.js:44
[  133473ms] [LOG] [Fast Refresh] done in 1311ms @ webpack-internal:///(app-pages-browser)/../../node_modules/next/dist/next-devtools/shared/forward-logs-shared.js:44
[  133539ms] [LOG] [Fast Refresh] rebuilding @ webpack-internal:///(app-pages-browser)/../../node_modules/next/dist/next-devtools/shared/forward-logs-shared.js:44
[  134274ms] [LOG] [Fast Refresh] done in 736ms @ webpack-internal:///(app-pages-browser)/../../node_modules/next/dist/next-devtools/shared/forward-logs-shared.js:44
[  135566ms] [ERROR] Failed to load resource: the server responded with a status of 403 (Forbidden) @ http://localhost:3115/api/curva-s?proyectoId=da33f1fa-0d2c-4cf6-adf3-2d723390b44d&modo=economica:0
[  136839ms] [ERROR] Failed to load resource: the server responded with a status of 403 (Forbidden) @ http://localhost:3115/api/curva-s?proyectoId=da33f1fa-0d2c-4cf6-adf3-2d723390b44d&modo=fisica:0
[  140118ms] [LOG] [Fast Refresh] rebuilding @ webpack-internal:///(app-pages-browser)/../../node_modules/next/dist/next-devtools/shared/forward-logs-shared.js:44
[  141940ms] [LOG] [Fast Refresh] done in 1823ms @ webpack-internal:///(app-pages-browser)/../../node_modules/next/dist/next-devtools/shared/forward-logs-shared.js:44
[  157863ms] [INFO] %cDownload the React DevTools for a better development experience: https://react.dev/link/react-devtools font-weight:bold @ webpack-internal:///(app-pages-browser)/../../node_modules/next/dist/next-devtools/shared/forward-logs-shared.js:44
[  158059ms] [LOG] [HMR] connected @ webpack-internal:///(app-pages-browser)/../../node_modules/next/dist/next-devtools/shared/forward-logs-shared.js:44
[  164608ms] [INFO] %cDownload the React DevTools for a better development experience: https://react.dev/link/react-devtools font-weight:bold @ webpack-internal:///(app-pages-browser)/../../node_modules/next/dist/next-devtools/shared/forward-logs-shared.js:44
[  164718ms] [LOG] [HMR] connected @ webpack-internal:///(app-pages-browser)/../../node_modules/next/dist/next-devtools/shared/forward-logs-shared.js:44
[  175411ms] [WARNING] The resource http://localhost:3115/_next/static/css/app/layout.css?v=1790974540240 was preloaded using link preload but not used within a few seconds from the window's load event. Please make sure it has an appropriate `as` value and it is preloaded intentionally. @ http://localhost:3115/proyectos/da33f1fa-0d2c-4cf6-adf3-2d723390b44d/curva-s:0
[  180433ms] [WARNING] The resource http://localhost:3115/_next/static/css/app/layout.css?v=1790974540240 was preloaded using link preload but not used within a few seconds from the window's load event. Please make sure it has an appropriate `as` value and it is preloaded intentionally. @ http://localhost:3115/proyectos/da33f1fa-0d2c-4cf6-adf3-2d723390b44d/curva-s:0
[  190485ms] [WARNING] The resource http://localhost:3115/_next/static/css/app/layout.css?v=1790974540240 was preloaded using link preload but not used within a few seconds from the window's load event. Please make sure it has an appropriate `as` value and it is preloaded intentionally. @ http://localhost:3115/proyectos/da33f1fa-0d2c-4cf6-adf3-2d723390b44d/curva-s:0
[  200239ms] [WARNING] The resource http://localhost:3115/_next/static/css/app/layout.css?v=1790974540240 was preloaded using link preload but not used within a few seconds from the window's load event. Please make sure it has an appropriate `as` value and it is preloaded intentionally. @ http://localhost:3115/proyectos/da33f1fa-0d2c-4cf6-adf3-2d723390b44d/curva-s:0
[  210325ms] [WARNING] The resource http://localhost:3115/_next/static/css/app/layout.css?v=1790974540240 was preloaded using link preload but not used within a few seconds from the window's load event. Please make sure it has an appropriate `as` value and it is preloaded intentionally. @ http://localhost:3115/proyectos/da33f1fa-0d2c-4cf6-adf3-2d723390b44d/curva-s:0
[  215228ms] [WARNING] The resource http://localhost:3115/_next/static/css/app/layout.css?v=1790974540240 was preloaded using link preload but not used within a few seconds from the window's load event. Please make sure it has an appropriate `as` value and it is preloaded intentionally. @ http://localhost:3115/proyectos/da33f1fa-0d2c-4cf6-adf3-2d723390b44d/curva-s:0
[  220540ms] [WARNING] The resource http://localhost:3115/_next/static/css/app/layout.css?v=1790974540240 was preloaded using link preload but not used within a few seconds from the window's load event. Please make sure it has an appropriate `as` value and it is preloaded intentionally. @ http://localhost:3115/proyectos/da33f1fa-0d2c-4cf6-adf3-2d723390b44d/curva-s:0
[  225634ms] [WARNING] The resource http://localhost:3115/_next/static/css/app/layout.css?v=1790974540240 was preloaded using link preload but not used within a few seconds from the window's load event. Please make sure it has an appropriate `as` value and it is preloaded intentionally. @ http://localhost:3115/proyectos/da33f1fa-0d2c-4cf6-adf3-2d723390b44d/curva-s:0
[  230321ms] [WARNING] The resource http://localhost:3115/_next/static/css/app/layout.css?v=1790974540240 was preloaded using link preload but not used within a few seconds from the window's load event. Please make sure it has an appropriate `as` value and it is preloaded intentionally. @ http://localhost:3115/proyectos/da33f1fa-0d2c-4cf6-adf3-2d723390b44d/curva-s:0
[  235224ms] [WARNING] The resource http://localhost:3115/_next/static/css/app/layout.css?v=1790974540240 was preloaded using link preload but not used within a few seconds from the window's load event. Please make sure it has an appropriate `as` value and it is preloaded intentionally. @ http://localhost:3115/proyectos/da33f1fa-0d2c-4cf6-adf3-2d723390b44d/curva-s:0
[  240600ms] [WARNING] The resource http://localhost:3115/_next/static/css/app/layout.css?v=1790974540240 was preloaded using link preload but not used within a few seconds from the window's load event. Please make sure it has an appropriate `as` value and it is preloaded intentionally. @ http://localhost:3115/proyectos/da33f1fa-0d2c-4cf6-adf3-2d723390b44d/curva-s:0
[  245533ms] [WARNING] The resource http://localhost:3115/_next/static/css/app/layout.css?v=1790974540240 was preloaded using link preload but not used within a few seconds from the window's load event. Please make sure it has an appropriate `as` value and it is preloaded intentionally. @ http://localhost:3115/proyectos/da33f1fa-0d2c-4cf6-adf3-2d723390b44d/curva-s:0
[  250608ms] [WARNING] The resource http://localhost:3115/_next/static/css/app/layout.css?v=1790974540240 was preloaded using link preload but not used within a few seconds from the window's load event. Please make sure it has an appropriate `as` value and it is preloaded intentionally. @ http://localhost:3115/proyectos/da33f1fa-0d2c-4cf6-adf3-2d723390b44d/curva-s:0
[  255549ms] [WARNING] The resource http://localhost:3115/_next/static/css/app/layout.css?v=1790974540240 was preloaded using link preload but not used within a few seconds from the window's load event. Please make sure it has an appropriate `as` value and it is preloaded intentionally. @ http://localhost:3115/proyectos/da33f1fa-0d2c-4cf6-adf3-2d723390b44d/curva-s:0
[  260294ms] [WARNING] The resource http://localhost:3115/_next/static/css/app/layout.css?v=1790974540240 was preloaded using link preload but not used within a few seconds from the window's load event. Please make sure it has an appropriate `as` value and it is preloaded intentionally. @ http://localhost:3115/proyectos/da33f1fa-0d2c-4cf6-adf3-2d723390b44d/curva-s:0
[  265520ms] [WARNING] The resource http://localhost:3115/_next/static/css/app/layout.css?v=1790974540240 was preloaded using link preload but not used within a few seconds from the window's load event. Please make sure it has an appropriate `as` value and it is preloaded intentionally. @ http://localhost:3115/proyectos/da33f1fa-0d2c-4cf6-adf3-2d723390b44d/curva-s:0
[  275360ms] [WARNING] The resource http://localhost:3115/_next/static/css/app/layout.css?v=1790974540240 was preloaded using link preload but not used within a few seconds from the window's load event. Please make sure it has an appropriate `as` value and it is preloaded intentionally. @ http://localhost:3115/proyectos/da33f1fa-0d2c-4cf6-adf3-2d723390b44d/curva-s:0
[  285633ms] [WARNING] The resource http://localhost:3115/_next/static/css/app/layout.css?v=1790974540240 was preloaded using link preload but not used within a few seconds from the window's load event. Please make sure it has an appropriate `as` value and it is preloaded intentionally. @ http://localhost:3115/proyectos/da33f1fa-0d2c-4cf6-adf3-2d723390b44d/curva-s:0
[  290336ms] [WARNING] The resource http://localhost:3115/_next/static/css/app/layout.css?v=1790974540240 was preloaded using link preload but not used within a few seconds from the window's load event. Please make sure it has an appropriate `as` value and it is preloaded intentionally. @ http://localhost:3115/proyectos/da33f1fa-0d2c-4cf6-adf3-2d723390b44d/curva-s:0
[  295354ms] [WARNING] The resource http://localhost:3115/_next/static/css/app/layout.css?v=1790974540240 was preloaded using link preload but not used within a few seconds from the window's load event. Please make sure it has an appropriate `as` value and it is preloaded intentionally. @ http://localhost:3115/proyectos/da33f1fa-0d2c-4cf6-adf3-2d723390b44d/curva-s:0
[  300347ms] [WARNING] The resource http://localhost:3115/_next/static/css/app/layout.css?v=1790974540240 was preloaded using link preload but not used within a few seconds from the window's load event. Please make sure it has an appropriate `as` value and it is preloaded intentionally. @ http://localhost:3115/proyectos/da33f1fa-0d2c-4cf6-adf3-2d723390b44d/curva-s:0
[  305311ms] [WARNING] The resource http://localhost:3115/_next/static/css/app/layout.css?v=1790974540240 was preloaded using link preload but not used within a few seconds from the window's load event. Please make sure it has an appropriate `as` value and it is preloaded intentionally. @ http://localhost:3115/proyectos/da33f1fa-0d2c-4cf6-adf3-2d723390b44d/curva-s:0
[  310387ms] [WARNING] The resource http://localhost:3115/_next/static/css/app/layout.css?v=1790974540240 was preloaded using link preload but not used within a few seconds from the window's load event. Please make sure it has an appropriate `as` value and it is preloaded intentionally. @ http://localhost:3115/proyectos/da33f1fa-0d2c-4cf6-adf3-2d723390b44d/curva-s:0
[  313895ms] [INFO] %cDownload the React DevTools for a better development experience: https://react.dev/link/react-devtools font-weight:bold @ webpack-internal:///(app-pages-browser)/../../node_modules/next/dist/next-devtools/shared/forward-logs-shared.js:44
[  314049ms] [LOG] [HMR] connected @ webpack-internal:///(app-pages-browser)/../../node_modules/next/dist/next-devtools/shared/forward-logs-shared.js:44
[  324899ms] [INFO] %cDownload the React DevTools for a better development experience: https://react.dev/link/react-devtools font-weight:bold @ webpack-internal:///(app-pages-browser)/../../node_modules/next/dist/next-devtools/shared/forward-logs-shared.js:44
[  325093ms] [LOG] [HMR] connected @ webpack-internal:///(app-pages-browser)/../../node_modules/next/dist/next-devtools/shared/forward-logs-shared.js:44
[  335754ms] [WARNING] The resource http://localhost:3115/_next/static/css/app/layout.css?v=1790974700598 was preloaded using link preload but not used within a few seconds from the window's load event. Please make sure it has an appropriate `as` value and it is preloaded intentionally. @ http://localhost:3115/proyectos/da33f1fa-0d2c-4cf6-adf3-2d723390b44d/dashboard:0
[  350916ms] [WARNING] The resource http://localhost:3115/_next/static/css/app/layout.css?v=1790974700598 was preloaded using link preload but not used within a few seconds from the window's load event. Please make sure it has an appropriate `as` value and it is preloaded intentionally. @ http://localhost:3115/proyectos/da33f1fa-0d2c-4cf6-adf3-2d723390b44d/dashboard:0
[  352339ms] [ERROR] Failed to load resource: net::ERR_CONNECTION_RESET @ http://localhost:3115/proyectos/da33f1fa-0d2c-4cf6-adf3-2d723390b44d/dashboard?_rsc=BWh3gUKYOnBasp7k:0
[  352340ms] [ERROR] Failed to load resource: net::ERR_CONNECTION_REFUSED @ http://localhost:3115/api/notificaciones/count:0
[  352582ms] network error
[  352659ms] [ERROR] WebSocket is already in CLOSING or CLOSED state. @ webpack-internal:///(app-pages-browser)/../../node_modules/next/dist/next-devtools/userspace/app/forward-logs.js:93
[  352759ms] [ERROR] Failed to load resource: net::ERR_CONNECTION_REFUSED @ http://localhost:3115/__nextjs_original-stack-frames:0
[  352764ms] [ERROR] Failed to load resource: net::ERR_CONNECTION_REFUSED @ http://localhost:3115/__nextjs_font/geist-mono-latin.woff2:0
[  353340ms] [ERROR] WebSocket connection to 'ws://localhost:3115/_next/hmr?id=Z_q9GGf4JNEnzoZDzZSqj' failed: Error in connection establishment: net::ERR_CONNECTION_REFUSED @ webpack-internal:///(app-pages-browser)/../../node_modules/next/dist/client/dev/hot-reloader/app/web-socket.js:55
[  354353ms] [ERROR] WebSocket connection to 'ws://localhost:3115/_next/hmr?id=Z_q9GGf4JNEnzoZDzZSqj' failed: Error in connection establishment: net::ERR_CONNECTION_REFUSED @ webpack-internal:///(app-pages-browser)/../../node_modules/next/dist/client/dev/hot-reloader/app/web-socket.js:55
[  355365ms] [ERROR] WebSocket connection to 'ws://localhost:3115/_next/hmr?id=Z_q9GGf4JNEnzoZDzZSqj' failed: Error in connection establishment: net::ERR_CONNECTION_REFUSED @ webpack-internal:///(app-pages-browser)/../../node_modules/next/dist/client/dev/hot-reloader/app/web-socket.js:55
[  355812ms] [WARNING] The resource http://localhost:3115/_next/static/css/app/layout.css?v=1790974725494 was preloaded using link preload but not used within a few seconds from the window's load event. Please make sure it has an appropriate `as` value and it is preloaded intentionally. @ http://localhost:3115/proyectos/da33f1fa-0d2c-4cf6-adf3-2d723390b44d/dashboard:0
[  355812ms] [WARNING] The resource http://localhost:3115/_next/static/css/app/layout.css?v=1790974700598 was preloaded using link preload but not used within a few seconds from the window's load event. Please make sure it has an appropriate `as` value and it is preloaded intentionally. @ http://localhost:3115/proyectos/da33f1fa-0d2c-4cf6-adf3-2d723390b44d/dashboard:0
[  356373ms] [ERROR] WebSocket connection to 'ws://localhost:3115/_next/hmr?id=Z_q9GGf4JNEnzoZDzZSqj' failed: Error in connection establishment: net::ERR_CONNECTION_REFUSED @ webpack-internal:///(app-pages-browser)/../../node_modules/next/dist/client/dev/hot-reloader/app/web-socket.js:55
[  357390ms] [ERROR] WebSocket connection to 'ws://localhost:3115/_next/hmr?id=Z_q9GGf4JNEnzoZDzZSqj' failed: Error in connection establishment: net::ERR_CONNECTION_REFUSED @ webpack-internal:///(app-pages-browser)/../../node_modules/next/dist/client/dev/hot-reloader/app/web-socket.js:55
[  362398ms] [ERROR] WebSocket connection to 'ws://localhost:3115/_next/hmr?id=Z_q9GGf4JNEnzoZDzZSqj' failed: Error in connection establishment: net::ERR_CONNECTION_REFUSED @ webpack-internal:///(app-pages-browser)/../../node_modules/next/dist/client/dev/hot-reloader/app/web-socket.js:55
[  367414ms] [ERROR] WebSocket connection to 'ws://localhost:3115/_next/hmr?id=Z_q9GGf4JNEnzoZDzZSqj' failed: Error in connection establishment: net::ERR_CONNECTION_REFUSED @ webpack-internal:///(app-pages-browser)/../../node_modules/next/dist/client/dev/hot-reloader/app/web-socket.js:55
[  372425ms] [ERROR] WebSocket connection to 'ws://localhost:3115/_next/hmr?id=Z_q9GGf4JNEnzoZDzZSqj' failed: Error in connection establishment: net::ERR_CONNECTION_REFUSED @ webpack-internal:///(app-pages-browser)/../../node_modules/next/dist/client/dev/hot-reloader/app/web-socket.js:55
[  377429ms] [ERROR] WebSocket connection to 'ws://localhost:3115/_next/hmr?id=Z_q9GGf4JNEnzoZDzZSqj' failed: Error in connection establishment: net::ERR_CONNECTION_REFUSED @ webpack-internal:///(app-pages-browser)/../../node_modules/next/dist/client/dev/hot-reloader/app/web-socket.js:55
[  382449ms] [ERROR] WebSocket connection to 'ws://localhost:3115/_next/hmr?id=Z_q9GGf4JNEnzoZDzZSqj' failed: Error in connection establishment: net::ERR_CONNECTION_REFUSED @ webpack-internal:///(app-pages-browser)/../../node_modules/next/dist/client/dev/hot-reloader/app/web-socket.js:55
[  387467ms] [ERROR] WebSocket connection to 'ws://localhost:3115/_next/hmr?id=Z_q9GGf4JNEnzoZDzZSqj' failed: Error in connection establishment: net::ERR_CONNECTION_REFUSED @ webpack-internal:///(app-pages-browser)/../../node_modules/next/dist/client/dev/hot-reloader/app/web-socket.js:55
[  392479ms] [ERROR] WebSocket connection to 'ws://localhost:3115/_next/hmr?id=Z_q9GGf4JNEnzoZDzZSqj' failed: Error in connection establishment: net::ERR_CONNECTION_REFUSED @ webpack-internal:///(app-pages-browser)/../../node_modules/next/dist/client/dev/hot-reloader/app/web-socket.js:55
