[     597ms] [LOG] [Fast Refresh] rebuilding @ webpack-internal:///(app-pages-browser)/../../node_modules/next/dist/next-devtools/shared/forward-logs-shared.js:44
[    3825ms] [WARNING] The resource http://localhost:3111/_next/static/css/app/layout.css?v=1790890490614 was preloaded using link preload but not used within a few seconds from the window's load event. Please make sure it has an appropriate `as` value and it is preloaded intentionally. @ http://localhost:3111/proyectos/dc850536-b3ed-4353-bffb-53b5f6fc4702/curva-s:0
[    3825ms] [WARNING] The resource http://localhost:3111/_next/static/css/app/layout.css?v=1790890489751 was preloaded using link preload but not used within a few seconds from the window's load event. Please make sure it has an appropriate `as` value and it is preloaded intentionally. @ http://localhost:3111/proyectos/dc850536-b3ed-4353-bffb-53b5f6fc4702/curva-s:0
[    3826ms] [WARNING] The resource http://localhost:3111/_next/static/css/app/layout.css?v=1790890492167 was preloaded using link preload but not used within a few seconds from the window's load event. Please make sure it has an appropriate `as` value and it is preloaded intentionally. @ http://localhost:3111/proyectos/dc850536-b3ed-4353-bffb-53b5f6fc4702/curva-s:0
[    4736ms] [LOG] [Fast Refresh] done in 4139ms @ webpack-internal:///(app-pages-browser)/../../node_modules/next/dist/next-devtools/shared/forward-logs-shared.js:44
[    4932ms] [LOG] [Fast Refresh] rebuilding @ webpack-internal:///(app-pages-browser)/../../node_modules/next/dist/next-devtools/shared/forward-logs-shared.js:44
[    5925ms] [LOG] [Fast Refresh] done in 993ms @ webpack-internal:///(app-pages-browser)/../../node_modules/next/dist/next-devtools/shared/forward-logs-shared.js:44
[   11155ms] [INFO] %cDownload the React DevTools for a better development experience: https://react.dev/link/react-devtools font-weight:bold @ webpack-internal:///(app-pages-browser)/../../node_modules/next/dist/next-devtools/shared/forward-logs-shared.js:44
[   11249ms] [LOG] [HMR] connected @ webpack-internal:///(app-pages-browser)/../../node_modules/next/dist/next-devtools/shared/forward-logs-shared.js:44
[   15880ms] [LOG] [Fast Refresh] rebuilding @ webpack-internal:///(app-pages-browser)/../../node_modules/next/dist/next-devtools/shared/forward-logs-shared.js:44
[   16953ms] [LOG] [Fast Refresh] done in 1074ms @ webpack-internal:///(app-pages-browser)/../../node_modules/next/dist/next-devtools/shared/forward-logs-shared.js:44
[   17231ms] [LOG] [Fast Refresh] rebuilding @ webpack-internal:///(app-pages-browser)/../../node_modules/next/dist/next-devtools/shared/forward-logs-shared.js:44
[   18396ms] [LOG] [Fast Refresh] done in 1165ms @ webpack-internal:///(app-pages-browser)/../../node_modules/next/dist/next-devtools/shared/forward-logs-shared.js:44
[   19082ms] [WARNING] The resource http://localhost:3111/_next/static/css/app/layout.css?v=1790890516576 was preloaded using link preload but not used within a few seconds from the window's load event. Please make sure it has an appropriate `as` value and it is preloaded intentionally. @ http://localhost:3111/rdts/crear?proyectoId=51f5905b-6198-46b3-a3d3-abd4793c0e7c:0
[   36935ms] [WARNING] The resource http://localhost:3111/_next/static/css/app/layout.css?v=1790890516576 was preloaded using link preload but not used within a few seconds from the window's load event. Please make sure it has an appropriate `as` value and it is preloaded intentionally. @ http://localhost:3111/rdts/crear?proyectoId=51f5905b-6198-46b3-a3d3-abd4793c0e7c:0
[   36935ms] [WARNING] The resource http://localhost:3111/_next/static/css/app/layout.css?v=1790890525069 was preloaded using link preload but not used within a few seconds from the window's load event. Please make sure it has an appropriate `as` value and it is preloaded intentionally. @ http://localhost:3111/rdts/crear?proyectoId=51f5905b-6198-46b3-a3d3-abd4793c0e7c:0
[   42045ms] [WARNING] The resource http://localhost:3111/_next/static/css/app/layout.css?v=1790890516576 was preloaded using link preload but not used within a few seconds from the window's load event. Please make sure it has an appropriate `as` value and it is preloaded intentionally. @ http://localhost:3111/rdts/crear?proyectoId=51f5905b-6198-46b3-a3d3-abd4793c0e7c:0
[   42045ms] [WARNING] The resource http://localhost:3111/_next/static/css/app/layout.css?v=1790890525069 was preloaded using link preload but not used within a few seconds from the window's load event. Please make sure it has an appropriate `as` value and it is preloaded intentionally. @ http://localhost:3111/rdts/crear?proyectoId=51f5905b-6198-46b3-a3d3-abd4793c0e7c:0
[   56995ms] [WARNING] The resource http://localhost:3111/_next/static/css/app/layout.css?v=1790890516576 was preloaded using link preload but not used within a few seconds from the window's load event. Please make sure it has an appropriate `as` value and it is preloaded intentionally. @ http://localhost:3111/rdts/crear?proyectoId=51f5905b-6198-46b3-a3d3-abd4793c0e7c:0
[   56995ms] [WARNING] The resource http://localhost:3111/_next/static/css/app/layout.css?v=1790890525069 was preloaded using link preload but not used within a few seconds from the window's load event. Please make sure it has an appropriate `as` value and it is preloaded intentionally. @ http://localhost:3111/rdts/crear?proyectoId=51f5905b-6198-46b3-a3d3-abd4793c0e7c:0
