[    1375ms] [INFO] %cDownload the React DevTools for a better development experience: https://react.dev/link/react-devtools font-weight:bold @ http://localhost:3000/_next/static/chunks/node_modules_next_dist_1e8vcs8._.js:776
[    1404ms] [LOG] [HMR] connected @ http://localhost:3000/_next/static/chunks/node_modules_next_dist_1e8vcs8._.js:776
[  116512ms] [ERROR] Failed to load resource: the server responded with a status of 400 (Bad Request) @ http://localhost:3000/api/rdts/partes/c0a7ef9a-d565-492b-8420-4a94f3d0b43f:0
[  165716ms] [ERROR] Failed to load resource: the server responded with a status of 400 (Bad Request) @ http://localhost:3000/api/rdts/partes/c0a7ef9a-d565-492b-8420-4a94f3d0b43f:0
[  973195ms] [LOG] [Fast Refresh] rebuilding @ http://localhost:3000/_next/static/chunks/node_modules_next_dist_1e8vcs8._.js:776
[  973848ms] [LOG] [Fast Refresh] done in 710ms @ http://localhost:3000/_next/static/chunks/node_modules_next_dist_1e8vcs8._.js:776
[  974115ms] [LOG] [Fast Refresh] done in 710ms @ http://localhost:3000/_next/static/chunks/node_modules_next_dist_1e8vcs8._.js:776
[  976852ms] [LOG] [Fast Refresh] done in 710ms @ http://localhost:3000/_next/static/chunks/node_modules_next_dist_1e8vcs8._.js:776
[  976939ms] [LOG] [Fast Refresh] done in 710ms @ http://localhost:3000/_next/static/chunks/node_modules_next_dist_1e8vcs8._.js:776
[  981664ms] [LOG] [Fast Refresh] rebuilding @ http://localhost:3000/_next/static/chunks/node_modules_next_dist_1e8vcs8._.js:776
[  983649ms] [ERROR] ./src/app/api/proyectos/[id]/dp/route.ts:118:9
Error: the name `admin` is defined multiple times
  116 |   }
  117 |
> 118 |   const admin = crearClienteAdmin();
      |         ^^^^^
  119 |
  120 |   // Catalogo unico de cargos/equipos (pedido de Victor 20 sep): si el
  121 |   // presupuesto trae un cargo o equipo que el catalogo de empresa no tiene,

Ecmascript file had an error @ http://localhost:3000/_next/static/chunks/node_modules_next_dist_1e8vcs8._.js:1052
[  983682ms] [ERROR] ./src/app/api/proyectos/[id]/dp/route.ts:118:9
Error: the name `admin` is defined multiple times
  116 |   }
  117 |
> 118 |   const admin = crearClienteAdmin();
      |         ^^^^^
  119 |
  120 |   // Catalogo unico de cargos/equipos (pedido de Victor 20 sep): si el
  121 |   // presupuesto trae un cargo o equipo que el catalogo de empresa no tiene,

Ecmascript file had an error @ http://localhost:3000/_next/static/chunks/node_modules_next_dist_1e8vcs8._.js:1052
[  983875ms] [LOG] [Fast Refresh] rebuilding @ http://localhost:3000/_next/static/chunks/node_modules_next_dist_1e8vcs8._.js:776
[  983906ms] [ERROR] ./src/app/api/proyectos/[id]/dp/route.ts:118:9
Error: the name `admin` is defined multiple times
  116 |   }
  117 |
> 118 |   const admin = crearClienteAdmin();
      |         ^^^^^
  119 |
  120 |   // Catalogo unico de cargos/equipos (pedido de Victor 20 sep): si el
  121 |   // presupuesto trae un cargo o equipo que el catalogo de empresa no tiene,

Ecmascript file had an error @ http://localhost:3000/_next/static/chunks/node_modules_next_dist_1e8vcs8._.js:1052
[  984124ms] [LOG] [Fast Refresh] rebuilding @ http://localhost:3000/_next/static/chunks/node_modules_next_dist_1e8vcs8._.js:776
[  986556ms] [ERROR] ./src/app/api/proyectos/[id]/dp/route.ts:118:9
Error: the name `admin` is defined multiple times
  116 |   }
  117 |
> 118 |   const admin = crearClienteAdmin();
      |         ^^^^^
  119 |
  120 |   // Catalogo unico de cargos/equipos (pedido de Victor 20 sep): si el
  121 |   // presupuesto trae un cargo o equipo que el catalogo de empresa no tiene,

Ecmascript file had an error @ http://localhost:3000/_next/static/chunks/node_modules_next_dist_1e8vcs8._.js:1052
[  986557ms] [ERROR] ./src/app/api/proyectos/[id]/dp/route.ts:118:9
Error: the name `admin` is defined multiple times
  116 |   }
  117 |
> 118 |   const admin = crearClienteAdmin();
      |         ^^^^^
  119 |
  120 |   // Catalogo unico de cargos/equipos (pedido de Victor 20 sep): si el
  121 |   // presupuesto trae un cargo o equipo que el catalogo de empresa no tiene,

Ecmascript file had an error @ http://localhost:3000/_next/static/chunks/node_modules_next_dist_1e8vcs8._.js:1052
[  986558ms] [ERROR] ./src/app/api/proyectos/[id]/dp/route.ts:118:9
Error: the name `admin` is defined multiple times
  116 |   }
  117 |
> 118 |   const admin = crearClienteAdmin();
      |         ^^^^^
  119 |
  120 |   // Catalogo unico de cargos/equipos (pedido de Victor 20 sep): si el
  121 |   // presupuesto trae un cargo o equipo que el catalogo de empresa no tiene,

Ecmascript file had an error @ http://localhost:3000/_next/static/chunks/node_modules_next_dist_1e8vcs8._.js:1052
[  986558ms] [ERROR] Failed to load resource: the server responded with a status of 500 (Internal Server Error) @ http://localhost:3000/api/rdts/partes:0
[  986608ms] [ERROR] Failed to load resource: the server responded with a status of 500 (Internal Server Error) @ http://localhost:3000/rdts/status?_rsc=Jktaw4liNqFaQCqC:0
[  987101ms] [LOG] [Fast Refresh] done in 3090ms @ http://localhost:3000/_next/static/chunks/node_modules_next_dist_1e8vcs8._.js:776
[  988772ms] [INFO] %cDownload the React DevTools for a better development experience: https://react.dev/link/react-devtools font-weight:bold @ http://localhost:3000/_next/static/chunks/node_modules_next_dist_1e8vcs8._.js:776
[  988788ms] [LOG] [HMR] connected @ http://localhost:3000/_next/static/chunks/node_modules_next_dist_1e8vcs8._.js:776
