[    1057ms] [LOG] [Fast Refresh] rebuilding @ webpack-internal:///(app-pages-browser)/../../node_modules/next/dist/next-devtools/shared/forward-logs-shared.js:44
[    2445ms] [LOG] [Fast Refresh] done in 1388ms @ webpack-internal:///(app-pages-browser)/../../node_modules/next/dist/next-devtools/shared/forward-logs-shared.js:44
[    6628ms] [INFO] %cDownload the React DevTools for a better development experience: https://react.dev/link/react-devtools font-weight:bold @ webpack-internal:///(app-pages-browser)/../../node_modules/next/dist/next-devtools/shared/forward-logs-shared.js:44
[    6704ms] [LOG] [HMR] connected @ webpack-internal:///(app-pages-browser)/../../node_modules/next/dist/next-devtools/shared/forward-logs-shared.js:44
[   38648ms] [LOG] [Fast Refresh] rebuilding @ webpack-internal:///(app-pages-browser)/../../node_modules/next/dist/next-devtools/shared/forward-logs-shared.js:44
[   40034ms] [LOG] [Fast Refresh] done in 1387ms @ webpack-internal:///(app-pages-browser)/../../node_modules/next/dist/next-devtools/shared/forward-logs-shared.js:44
[   40093ms] [LOG] [Fast Refresh] rebuilding @ webpack-internal:///(app-pages-browser)/../../node_modules/next/dist/next-devtools/shared/forward-logs-shared.js:44
[   40554ms] [LOG] [Fast Refresh] done in 460ms @ webpack-internal:///(app-pages-browser)/../../node_modules/next/dist/next-devtools/shared/forward-logs-shared.js:44
[   48726ms] [WARNING] The resource http://localhost:3115/_next/static/css/app/layout.css?v=1790974012434 was preloaded using link preload but not used within a few seconds from the window's load event. Please make sure it has an appropriate `as` value and it is preloaded intentionally. @ http://localhost:3115/proyectos/da33f1fa-0d2c-4cf6-adf3-2d723390b44d/dp:0
[   48726ms] [WARNING] The resource http://localhost:3115/_next/static/css/app/layout.css?v=1790974048499 was preloaded using link preload but not used within a few seconds from the window's load event. Please make sure it has an appropriate `as` value and it is preloaded intentionally. @ http://localhost:3115/proyectos/da33f1fa-0d2c-4cf6-adf3-2d723390b44d/dp:0
[   48726ms] [WARNING] The resource http://localhost:3115/_next/static/css/app/layout.css?v=1790974045927 was preloaded using link preload but not used within a few seconds from the window's load event. Please make sure it has an appropriate `as` value and it is preloaded intentionally. @ http://localhost:3115/proyectos/da33f1fa-0d2c-4cf6-adf3-2d723390b44d/dp:0
[  100409ms] [WARNING] The resource http://localhost:3115/_next/static/css/app/layout.css?v=1790974079327 was preloaded using link preload but not used within a few seconds from the window's load event. Please make sure it has an appropriate `as` value and it is preloaded intentionally. @ http://localhost:3115/proyectos/da33f1fa-0d2c-4cf6-adf3-2d723390b44d/dp:0
[  100409ms] [WARNING] The resource http://localhost:3115/_next/static/css/app/layout.css?v=1790974076930 was preloaded using link preload but not used within a few seconds from the window's load event. Please make sure it has an appropriate `as` value and it is preloaded intentionally. @ http://localhost:3115/proyectos/da33f1fa-0d2c-4cf6-adf3-2d723390b44d/dp:0
[  100409ms] [WARNING] The resource http://localhost:3115/_next/static/css/app/layout.css?v=1790974045927 was preloaded using link preload but not used within a few seconds from the window's load event. Please make sure it has an appropriate `as` value and it is preloaded intentionally. @ http://localhost:3115/proyectos/da33f1fa-0d2c-4cf6-adf3-2d723390b44d/dp:0
[  100409ms] [WARNING] The resource http://localhost:3115/_next/static/css/app/layout.css?v=1790974076690 was preloaded using link preload but not used within a few seconds from the window's load event. Please make sure it has an appropriate `as` value and it is preloaded intentionally. @ http://localhost:3115/proyectos/da33f1fa-0d2c-4cf6-adf3-2d723390b44d/dp:0
[  100409ms] [WARNING] The resource http://localhost:3115/_next/static/css/app/layout.css?v=1790974077791 was preloaded using link preload but not used within a few seconds from the window's load event. Please make sure it has an appropriate `as` value and it is preloaded intentionally. @ http://localhost:3115/proyectos/da33f1fa-0d2c-4cf6-adf3-2d723390b44d/dp:0
[  100409ms] [WARNING] The resource http://localhost:3115/_next/static/css/app/layout.css?v=1790974012434 was preloaded using link preload but not used within a few seconds from the window's load event. Please make sure it has an appropriate `as` value and it is preloaded intentionally. @ http://localhost:3115/proyectos/da33f1fa-0d2c-4cf6-adf3-2d723390b44d/dp:0
[  100409ms] [WARNING] The resource http://localhost:3115/_next/static/css/app/layout.css?v=1790974048499 was preloaded using link preload but not used within a few seconds from the window's load event. Please make sure it has an appropriate `as` value and it is preloaded intentionally. @ http://localhost:3115/proyectos/da33f1fa-0d2c-4cf6-adf3-2d723390b44d/dp:0
[  100409ms] [WARNING] The resource http://localhost:3115/_next/static/css/app/layout.css?v=1790974075222 was preloaded using link preload but not used within a few seconds from the window's load event. Please make sure it has an appropriate `as` value and it is preloaded intentionally. @ http://localhost:3115/proyectos/da33f1fa-0d2c-4cf6-adf3-2d723390b44d/dp:0
[  100409ms] [WARNING] The resource http://localhost:3115/_next/static/css/app/layout.css?v=1790974077228 was preloaded using link preload but not used within a few seconds from the window's load event. Please make sure it has an appropriate `as` value and it is preloaded intentionally. @ http://localhost:3115/proyectos/da33f1fa-0d2c-4cf6-adf3-2d723390b44d/dp:0
