[     834ms] [LOG] [Fast Refresh] rebuilding @ webpack-internal:///(app-pages-browser)/../../node_modules/next/dist/next-devtools/shared/forward-logs-shared.js:44
[    2362ms] [LOG] [Fast Refresh] done in 1528ms @ webpack-internal:///(app-pages-browser)/../../node_modules/next/dist/next-devtools/shared/forward-logs-shared.js:44
[    4869ms] [INFO] %cDownload the React DevTools for a better development experience: https://react.dev/link/react-devtools font-weight:bold @ webpack-internal:///(app-pages-browser)/../../node_modules/next/dist/next-devtools/shared/forward-logs-shared.js:44
[    4953ms] [LOG] [HMR] connected @ webpack-internal:///(app-pages-browser)/../../node_modules/next/dist/next-devtools/shared/forward-logs-shared.js:44
[    5664ms] [LOG] [Fast Refresh] rebuilding @ webpack-internal:///(app-pages-browser)/../../node_modules/next/dist/next-devtools/shared/forward-logs-shared.js:44
[    6020ms] [LOG] [Fast Refresh] done in 356ms @ webpack-internal:///(app-pages-browser)/../../node_modules/next/dist/next-devtools/shared/forward-logs-shared.js:44
[    6215ms] [LOG] [Fast Refresh] rebuilding @ webpack-internal:///(app-pages-browser)/../../node_modules/next/dist/next-devtools/shared/forward-logs-shared.js:44
[    8307ms] [LOG] [Fast Refresh] done in 2092ms @ webpack-internal:///(app-pages-browser)/../../node_modules/next/dist/next-devtools/shared/forward-logs-shared.js:44
[   15366ms] [WARNING] The resource http://localhost:3111/_next/static/css/app/layout.css?v=1790872162743 was preloaded using link preload but not used within a few seconds from the window's load event. Please make sure it has an appropriate `as` value and it is preloaded intentionally. @ http://localhost:3111/plan-maestro?proyectoId=51f5905b-6198-46b3-a3d3-abd4793c0e7c:0
[   20396ms] [WARNING] The resource http://localhost:3111/_next/static/css/app/layout.css?v=1790872162743 was preloaded using link preload but not used within a few seconds from the window's load event. Please make sure it has an appropriate `as` value and it is preloaded intentionally. @ http://localhost:3111/plan-maestro?proyectoId=51f5905b-6198-46b3-a3d3-abd4793c0e7c:0
[   25469ms] [WARNING] The resource http://localhost:3111/_next/static/css/app/layout.css?v=1790872162743 was preloaded using link preload but not used within a few seconds from the window's load event. Please make sure it has an appropriate `as` value and it is preloaded intentionally. @ http://localhost:3111/plan-maestro?proyectoId=51f5905b-6198-46b3-a3d3-abd4793c0e7c:0
[   40414ms] [WARNING] The resource http://localhost:3111/_next/static/css/app/layout.css?v=1790872162743 was preloaded using link preload but not used within a few seconds from the window's load event. Please make sure it has an appropriate `as` value and it is preloaded intentionally. @ http://localhost:3111/plan-maestro?proyectoId=51f5905b-6198-46b3-a3d3-abd4793c0e7c:0
[   41641ms] [LOG] [Fast Refresh] rebuilding @ webpack-internal:///(app-pages-browser)/../../node_modules/next/dist/next-devtools/shared/forward-logs-shared.js:44
[   42309ms] [LOG] [Fast Refresh] done in 668ms @ webpack-internal:///(app-pages-browser)/../../node_modules/next/dist/next-devtools/shared/forward-logs-shared.js:44
[   55329ms] [WARNING] The resource http://localhost:3111/_next/static/css/app/layout.css?v=1790872162743 was preloaded using link preload but not used within a few seconds from the window's load event. Please make sure it has an appropriate `as` value and it is preloaded intentionally. @ http://localhost:3111/plan-maestro?proyectoId=51f5905b-6198-46b3-a3d3-abd4793c0e7c:0
[   60530ms] [WARNING] The resource http://localhost:3111/_next/static/css/app/layout.css?v=1790872162743 was preloaded using link preload but not used within a few seconds from the window's load event. Please make sure it has an appropriate `as` value and it is preloaded intentionally. @ http://localhost:3111/plan-maestro?proyectoId=51f5905b-6198-46b3-a3d3-abd4793c0e7c:0
[   70407ms] [WARNING] The resource http://localhost:3111/_next/static/css/app/layout.css?v=1790872162743 was preloaded using link preload but not used within a few seconds from the window's load event. Please make sure it has an appropriate `as` value and it is preloaded intentionally. @ http://localhost:3111/plan-maestro?proyectoId=51f5905b-6198-46b3-a3d3-abd4793c0e7c:0
[   75368ms] [WARNING] The resource http://localhost:3111/_next/static/css/app/layout.css?v=1790872162743 was preloaded using link preload but not used within a few seconds from the window's load event. Please make sure it has an appropriate `as` value and it is preloaded intentionally. @ http://localhost:3111/plan-maestro?proyectoId=51f5905b-6198-46b3-a3d3-abd4793c0e7c:0
[   77754ms] [LOG] [Fast Refresh] rebuilding @ webpack-internal:///(app-pages-browser)/../../node_modules/next/dist/next-devtools/shared/forward-logs-shared.js:44
[   78145ms] [LOG] [Fast Refresh] done in 391ms @ webpack-internal:///(app-pages-browser)/../../node_modules/next/dist/next-devtools/shared/forward-logs-shared.js:44
[   78220ms] [ERROR] Failed to load resource: the server responded with a status of 405 (Method Not Allowed) @ http://localhost:3111/api/proyectos:0
[   85559ms] [WARNING] The resource http://localhost:3111/_next/static/css/app/layout.css?v=1790872162743 was preloaded using link preload but not used within a few seconds from the window's load event. Please make sure it has an appropriate `as` value and it is preloaded intentionally. @ http://localhost:3111/plan-maestro?proyectoId=51f5905b-6198-46b3-a3d3-abd4793c0e7c:0
[  110854ms] [LOG] [Fast Refresh] rebuilding @ webpack-internal:///(app-pages-browser)/../../node_modules/next/dist/next-devtools/shared/forward-logs-shared.js:44
[  111650ms] [LOG] [Fast Refresh] done in 797ms @ webpack-internal:///(app-pages-browser)/../../node_modules/next/dist/next-devtools/shared/forward-logs-shared.js:44
[  117712ms] [ERROR] Failed to load resource: the server responded with a status of 400 (Bad Request) @ http://localhost:3111/api/paquetes-trabajo:0
[  127046ms] [LOG] [Fast Refresh] rebuilding @ webpack-internal:///(app-pages-browser)/../../node_modules/next/dist/next-devtools/shared/forward-logs-shared.js:44
[  127363ms] [LOG] [Fast Refresh] done in 317ms @ webpack-internal:///(app-pages-browser)/../../node_modules/next/dist/next-devtools/shared/forward-logs-shared.js:44
[  140438ms] [WARNING] The resource http://localhost:3111/_next/static/css/app/layout.css?v=1790872162743 was preloaded using link preload but not used within a few seconds from the window's load event. Please make sure it has an appropriate `as` value and it is preloaded intentionally. @ http://localhost:3111/plan-maestro?proyectoId=51f5905b-6198-46b3-a3d3-abd4793c0e7c:0
[  150336ms] [WARNING] The resource http://localhost:3111/_next/static/css/app/layout.css?v=1790872162743 was preloaded using link preload but not used within a few seconds from the window's load event. Please make sure it has an appropriate `as` value and it is preloaded intentionally. @ http://localhost:3111/plan-maestro?proyectoId=51f5905b-6198-46b3-a3d3-abd4793c0e7c:0
[  155397ms] [WARNING] The resource http://localhost:3111/_next/static/css/app/layout.css?v=1790872162743 was preloaded using link preload but not used within a few seconds from the window's load event. Please make sure it has an appropriate `as` value and it is preloaded intentionally. @ http://localhost:3111/plan-maestro?proyectoId=51f5905b-6198-46b3-a3d3-abd4793c0e7c:0
[  160581ms] [WARNING] The resource http://localhost:3111/_next/static/css/app/layout.css?v=1790872162743 was preloaded using link preload but not used within a few seconds from the window's load event. Please make sure it has an appropriate `as` value and it is preloaded intentionally. @ http://localhost:3111/plan-maestro?proyectoId=51f5905b-6198-46b3-a3d3-abd4793c0e7c:0
[  165388ms] [WARNING] The resource http://localhost:3111/_next/static/css/app/layout.css?v=1790872162743 was preloaded using link preload but not used within a few seconds from the window's load event. Please make sure it has an appropriate `as` value and it is preloaded intentionally. @ http://localhost:3111/plan-maestro?proyectoId=51f5905b-6198-46b3-a3d3-abd4793c0e7c:0
[  167963ms] [LOG] [Fast Refresh] rebuilding @ webpack-internal:///(app-pages-browser)/../../node_modules/next/dist/next-devtools/shared/forward-logs-shared.js:44
[  168497ms] [LOG] [Fast Refresh] done in 534ms @ webpack-internal:///(app-pages-browser)/../../node_modules/next/dist/next-devtools/shared/forward-logs-shared.js:44
[  205421ms] [WARNING] The resource http://localhost:3111/_next/static/css/app/layout.css?v=1790872162743 was preloaded using link preload but not used within a few seconds from the window's load event. Please make sure it has an appropriate `as` value and it is preloaded intentionally. @ http://localhost:3111/plan-maestro?proyectoId=51f5905b-6198-46b3-a3d3-abd4793c0e7c:0
[  274114ms] [INFO] %cDownload the React DevTools for a better development experience: https://react.dev/link/react-devtools font-weight:bold @ webpack-internal:///(app-pages-browser)/../../node_modules/next/dist/next-devtools/shared/forward-logs-shared.js:44
[  274197ms] [LOG] [HMR] connected @ webpack-internal:///(app-pages-browser)/../../node_modules/next/dist/next-devtools/shared/forward-logs-shared.js:44
[  275153ms] [LOG] [Fast Refresh] rebuilding @ webpack-internal:///(app-pages-browser)/../../node_modules/next/dist/next-devtools/shared/forward-logs-shared.js:44
[  275582ms] [LOG] [Fast Refresh] done in 429ms @ webpack-internal:///(app-pages-browser)/../../node_modules/next/dist/next-devtools/shared/forward-logs-shared.js:44
[  275633ms] [LOG] [Fast Refresh] rebuilding @ webpack-internal:///(app-pages-browser)/../../node_modules/next/dist/next-devtools/shared/forward-logs-shared.js:44
[  275877ms] [LOG] [Fast Refresh] done in 244ms @ webpack-internal:///(app-pages-browser)/../../node_modules/next/dist/next-devtools/shared/forward-logs-shared.js:44
[  338372ms] [INFO] %cDownload the React DevTools for a better development experience: https://react.dev/link/react-devtools font-weight:bold @ webpack-internal:///(app-pages-browser)/../../node_modules/next/dist/next-devtools/shared/forward-logs-shared.js:44
[  338455ms] [LOG] [HMR] connected @ webpack-internal:///(app-pages-browser)/../../node_modules/next/dist/next-devtools/shared/forward-logs-shared.js:44
[  358973ms] [WARNING] The resource http://localhost:3111/_next/static/css/app/layout.css?v=1790872495051 was preloaded using link preload but not used within a few seconds from the window's load event. Please make sure it has an appropriate `as` value and it is preloaded intentionally. @ http://localhost:3111/plan-maestro?proyectoId=51f5905b-6198-46b3-a3d3-abd4793c0e7c:0
[  358973ms] [WARNING] The resource http://localhost:3111/_next/static/css/app/layout.css?v=1790872496562 was preloaded using link preload but not used within a few seconds from the window's load event. Please make sure it has an appropriate `as` value and it is preloaded intentionally. @ http://localhost:3111/plan-maestro?proyectoId=51f5905b-6198-46b3-a3d3-abd4793c0e7c:0
[  363977ms] [WARNING] The resource http://localhost:3111/_next/static/css/app/layout.css?v=1790872495051 was preloaded using link preload but not used within a few seconds from the window's load event. Please make sure it has an appropriate `as` value and it is preloaded intentionally. @ http://localhost:3111/plan-maestro?proyectoId=51f5905b-6198-46b3-a3d3-abd4793c0e7c:0
[  363977ms] [WARNING] The resource http://localhost:3111/_next/static/css/app/layout.css?v=1790872496562 was preloaded using link preload but not used within a few seconds from the window's load event. Please make sure it has an appropriate `as` value and it is preloaded intentionally. @ http://localhost:3111/plan-maestro?proyectoId=51f5905b-6198-46b3-a3d3-abd4793c0e7c:0
[  383636ms] [INFO] %cDownload the React DevTools for a better development experience: https://react.dev/link/react-devtools font-weight:bold @ webpack-internal:///(app-pages-browser)/../../node_modules/next/dist/next-devtools/shared/forward-logs-shared.js:44
[  383685ms] [LOG] [HMR] connected @ webpack-internal:///(app-pages-browser)/../../node_modules/next/dist/next-devtools/shared/forward-logs-shared.js:44
