[    6369ms] [VERBOSE] [DOM] Input elements should have autocomplete attributes (suggested: "current-password"): (More info: https://goo.gl/9p2vKq) %o @ http://localhost:3111/login:0
[    7170ms] [INFO] %cDownload the React DevTools for a better development experience: https://react.dev/link/react-devtools font-weight:bold @ webpack-internal:///(app-pages-browser)/../../node_modules/next/dist/next-devtools/shared/forward-logs-shared.js:44
[    7282ms] [LOG] [HMR] connected @ webpack-internal:///(app-pages-browser)/../../node_modules/next/dist/next-devtools/shared/forward-logs-shared.js:44
[   15745ms] [LOG] [Fast Refresh] rebuilding @ webpack-internal:///(app-pages-browser)/../../node_modules/next/dist/next-devtools/shared/forward-logs-shared.js:44
[   16869ms] [LOG] [Fast Refresh] done in 1124ms @ webpack-internal:///(app-pages-browser)/../../node_modules/next/dist/next-devtools/shared/forward-logs-shared.js:44
[   20134ms] [LOG] [Fast Refresh] rebuilding @ webpack-internal:///(app-pages-browser)/../../node_modules/next/dist/next-devtools/shared/forward-logs-shared.js:44
[   20476ms] [LOG] [Fast Refresh] done in 343ms @ webpack-internal:///(app-pages-browser)/../../node_modules/next/dist/next-devtools/shared/forward-logs-shared.js:44
[   20485ms] [LOG] [Fast Refresh] rebuilding @ webpack-internal:///(app-pages-browser)/../../node_modules/next/dist/next-devtools/shared/forward-logs-shared.js:44
[   20631ms] [LOG] [Fast Refresh] done in 147ms @ webpack-internal:///(app-pages-browser)/../../node_modules/next/dist/next-devtools/shared/forward-logs-shared.js:44
[   30052ms] [WARNING] The resource http://localhost:3111/_next/static/css/app/layout.css?v=1790873281882 was preloaded using link preload but not used within a few seconds from the window's load event. Please make sure it has an appropriate `as` value and it is preloaded intentionally. @ http://localhost:3111/programas/2cc56c7d-6273-4ac3-82e2-46121e37092b/portafolios/31598abb-e89a-4a8a-98af-bdbbe413d973:0
[   30057ms] [WARNING] The resource http://localhost:3111/_next/static/css/app/layout.css?v=1790873278506 was preloaded using link preload but not used within a few seconds from the window's load event. Please make sure it has an appropriate `as` value and it is preloaded intentionally. @ http://localhost:3111/programas/2cc56c7d-6273-4ac3-82e2-46121e37092b/portafolios/31598abb-e89a-4a8a-98af-bdbbe413d973:0
[   30721ms] [LOG] [Fast Refresh] rebuilding @ webpack-internal:///(app-pages-browser)/../../node_modules/next/dist/next-devtools/shared/forward-logs-shared.js:44
[   31154ms] [LOG] [Fast Refresh] done in 432ms @ webpack-internal:///(app-pages-browser)/../../node_modules/next/dist/next-devtools/shared/forward-logs-shared.js:44
[   32089ms] [ERROR] Failed to load resource: the server responded with a status of 400 (Bad Request) @ http://localhost:3111/api/paquetes-trabajo?proyecto_id=51f5905b-6198-46b3-a3d3-abd4793c0e7c:0
[   32895ms] [LOG] [Fast Refresh] rebuilding @ webpack-internal:///(app-pages-browser)/../../node_modules/next/dist/next-devtools/shared/forward-logs-shared.js:44
[   34560ms] [LOG] [Fast Refresh] done in 1665ms @ webpack-internal:///(app-pages-browser)/../../node_modules/next/dist/next-devtools/shared/forward-logs-shared.js:44
[   35781ms] [ERROR] Failed to load resource: the server responded with a status of 400 (Bad Request) @ http://localhost:3111/api/cronograma?proyecto_id=51f5905b-6198-46b3-a3d3-abd4793c0e7c:0
[   38001ms] [LOG] [Fast Refresh] rebuilding @ webpack-internal:///(app-pages-browser)/../../node_modules/next/dist/next-devtools/shared/forward-logs-shared.js:44
[   39225ms] [LOG] [Fast Refresh] done in 1224ms @ webpack-internal:///(app-pages-browser)/../../node_modules/next/dist/next-devtools/shared/forward-logs-shared.js:44
[   43179ms] [INFO] %cDownload the React DevTools for a better development experience: https://react.dev/link/react-devtools font-weight:bold @ webpack-internal:///(app-pages-browser)/../../node_modules/next/dist/next-devtools/shared/forward-logs-shared.js:44
[   43274ms] [LOG] [HMR] connected @ webpack-internal:///(app-pages-browser)/../../node_modules/next/dist/next-devtools/shared/forward-logs-shared.js:44
[   53796ms] [WARNING] The resource http://localhost:3111/_next/static/css/app/layout.css?v=1790873304935 was preloaded using link preload but not used within a few seconds from the window's load event. Please make sure it has an appropriate `as` value and it is preloaded intentionally. @ http://localhost:3111/proyectos/51f5905b-6198-46b3-a3d3-abd4793c0e7c:0
[   57214ms] [LOG] [Fast Refresh] rebuilding @ webpack-internal:///(app-pages-browser)/../../node_modules/next/dist/next-devtools/shared/forward-logs-shared.js:44
[   58117ms] [LOG] [Fast Refresh] done in 903ms @ webpack-internal:///(app-pages-browser)/../../node_modules/next/dist/next-devtools/shared/forward-logs-shared.js:44
[   61265ms] [INFO] %cDownload the React DevTools for a better development experience: https://react.dev/link/react-devtools font-weight:bold @ webpack-internal:///(app-pages-browser)/../../node_modules/next/dist/next-devtools/shared/forward-logs-shared.js:44
[   61364ms] [LOG] [HMR] connected @ webpack-internal:///(app-pages-browser)/../../node_modules/next/dist/next-devtools/shared/forward-logs-shared.js:44
[   62014ms] [LOG] [Fast Refresh] rebuilding @ webpack-internal:///(app-pages-browser)/../../node_modules/next/dist/next-devtools/shared/forward-logs-shared.js:44
[   62435ms] [LOG] [Fast Refresh] rebuilding @ webpack-internal:///(app-pages-browser)/../../node_modules/next/dist/next-devtools/shared/forward-logs-shared.js:44
[   62816ms] [LOG] [Fast Refresh] done in 381ms @ webpack-internal:///(app-pages-browser)/../../node_modules/next/dist/next-devtools/shared/forward-logs-shared.js:44
[   65928ms] [LOG] [Fast Refresh] done in 3493ms @ webpack-internal:///(app-pages-browser)/../../node_modules/next/dist/next-devtools/shared/forward-logs-shared.js:44
[   81898ms] [WARNING] The resource http://localhost:3111/_next/static/css/app/layout.css?v=1790873325679 was preloaded using link preload but not used within a few seconds from the window's load event. Please make sure it has an appropriate `as` value and it is preloaded intentionally. @ http://localhost:3111/paquetes-trabajo?proyectoId=51f5905b-6198-46b3-a3d3-abd4793c0e7c:0
[   81898ms] [WARNING] The resource http://localhost:3111/_next/static/css/app/layout.css?v=1790873325954 was preloaded using link preload but not used within a few seconds from the window's load event. Please make sure it has an appropriate `as` value and it is preloaded intentionally. @ http://localhost:3111/paquetes-trabajo?proyectoId=51f5905b-6198-46b3-a3d3-abd4793c0e7c:0
[   86786ms] [WARNING] The resource http://localhost:3111/_next/static/css/app/layout.css?v=1790873325679 was preloaded using link preload but not used within a few seconds from the window's load event. Please make sure it has an appropriate `as` value and it is preloaded intentionally. @ http://localhost:3111/paquetes-trabajo?proyectoId=51f5905b-6198-46b3-a3d3-abd4793c0e7c:0
[   86786ms] [WARNING] The resource http://localhost:3111/_next/static/css/app/layout.css?v=1790873325954 was preloaded using link preload but not used within a few seconds from the window's load event. Please make sure it has an appropriate `as` value and it is preloaded intentionally. @ http://localhost:3111/paquetes-trabajo?proyectoId=51f5905b-6198-46b3-a3d3-abd4793c0e7c:0
[   91867ms] [WARNING] The resource http://localhost:3111/_next/static/css/app/layout.css?v=1790873325679 was preloaded using link preload but not used within a few seconds from the window's load event. Please make sure it has an appropriate `as` value and it is preloaded intentionally. @ http://localhost:3111/paquetes-trabajo?proyectoId=51f5905b-6198-46b3-a3d3-abd4793c0e7c:0
[   91867ms] [WARNING] The resource http://localhost:3111/_next/static/css/app/layout.css?v=1790873325954 was preloaded using link preload but not used within a few seconds from the window's load event. Please make sure it has an appropriate `as` value and it is preloaded intentionally. @ http://localhost:3111/paquetes-trabajo?proyectoId=51f5905b-6198-46b3-a3d3-abd4793c0e7c:0
[  101884ms] [WARNING] The resource http://localhost:3111/_next/static/css/app/layout.css?v=1790873325679 was preloaded using link preload but not used within a few seconds from the window's load event. Please make sure it has an appropriate `as` value and it is preloaded intentionally. @ http://localhost:3111/paquetes-trabajo?proyectoId=51f5905b-6198-46b3-a3d3-abd4793c0e7c:0
[  101885ms] [WARNING] The resource http://localhost:3111/_next/static/css/app/layout.css?v=1790873325954 was preloaded using link preload but not used within a few seconds from the window's load event. Please make sure it has an appropriate `as` value and it is preloaded intentionally. @ http://localhost:3111/paquetes-trabajo?proyectoId=51f5905b-6198-46b3-a3d3-abd4793c0e7c:0
[  191945ms] [WARNING] The resource http://localhost:3111/_next/static/css/app/layout.css?v=1790873325679 was preloaded using link preload but not used within a few seconds from the window's load event. Please make sure it has an appropriate `as` value and it is preloaded intentionally. @ http://localhost:3111/paquetes-trabajo?proyectoId=51f5905b-6198-46b3-a3d3-abd4793c0e7c:0
[  191945ms] [WARNING] The resource http://localhost:3111/_next/static/css/app/layout.css?v=1790873325954 was preloaded using link preload but not used within a few seconds from the window's load event. Please make sure it has an appropriate `as` value and it is preloaded intentionally. @ http://localhost:3111/paquetes-trabajo?proyectoId=51f5905b-6198-46b3-a3d3-abd4793c0e7c:0
[  204026ms] [LOG] [Fast Refresh] rebuilding @ webpack-internal:///(app-pages-browser)/../../node_modules/next/dist/next-devtools/shared/forward-logs-shared.js:44
[  204691ms] [LOG] [Fast Refresh] done in 666ms @ webpack-internal:///(app-pages-browser)/../../node_modules/next/dist/next-devtools/shared/forward-logs-shared.js:44
[  220397ms] [LOG] [Fast Refresh] rebuilding @ webpack-internal:///(app-pages-browser)/../../node_modules/next/dist/next-devtools/shared/forward-logs-shared.js:44
[  220815ms] [LOG] [Fast Refresh] done in 419ms @ webpack-internal:///(app-pages-browser)/../../node_modules/next/dist/next-devtools/shared/forward-logs-shared.js:44
[  232916ms] [INFO] %cDownload the React DevTools for a better development experience: https://react.dev/link/react-devtools font-weight:bold @ webpack-internal:///(app-pages-browser)/../../node_modules/next/dist/next-devtools/shared/forward-logs-shared.js:44
[  232983ms] [LOG] [HMR] connected @ webpack-internal:///(app-pages-browser)/../../node_modules/next/dist/next-devtools/shared/forward-logs-shared.js:44
[  233608ms] [LOG] [Fast Refresh] rebuilding @ webpack-internal:///(app-pages-browser)/../../node_modules/next/dist/next-devtools/shared/forward-logs-shared.js:44
[  233900ms] [LOG] [Fast Refresh] done in 292ms @ webpack-internal:///(app-pages-browser)/../../node_modules/next/dist/next-devtools/shared/forward-logs-shared.js:44
[  233953ms] [LOG] [Fast Refresh] rebuilding @ webpack-internal:///(app-pages-browser)/../../node_modules/next/dist/next-devtools/shared/forward-logs-shared.js:44
[  234277ms] [LOG] [Fast Refresh] done in 324ms @ webpack-internal:///(app-pages-browser)/../../node_modules/next/dist/next-devtools/shared/forward-logs-shared.js:44
[  278613ms] [WARNING] The resource http://localhost:3111/_next/static/css/app/layout.css?v=1790873497143 was preloaded using link preload but not used within a few seconds from the window's load event. Please make sure it has an appropriate `as` value and it is preloaded intentionally. @ http://localhost:3111/paquetes-trabajo?proyectoId=51f5905b-6198-46b3-a3d3-abd4793c0e7c:0
[  278613ms] [WARNING] The resource http://localhost:3111/_next/static/css/app/layout.css?v=1790873496862 was preloaded using link preload but not used within a few seconds from the window's load event. Please make sure it has an appropriate `as` value and it is preloaded intentionally. @ http://localhost:3111/paquetes-trabajo?proyectoId=51f5905b-6198-46b3-a3d3-abd4793c0e7c:0
[  363565ms] [WARNING] The resource http://localhost:3111/_next/static/css/app/layout.css?v=1790873497143 was preloaded using link preload but not used within a few seconds from the window's load event. Please make sure it has an appropriate `as` value and it is preloaded intentionally. @ http://localhost:3111/paquetes-trabajo?proyectoId=51f5905b-6198-46b3-a3d3-abd4793c0e7c:0
[  363565ms] [WARNING] The resource http://localhost:3111/_next/static/css/app/layout.css?v=1790873496862 was preloaded using link preload but not used within a few seconds from the window's load event. Please make sure it has an appropriate `as` value and it is preloaded intentionally. @ http://localhost:3111/paquetes-trabajo?proyectoId=51f5905b-6198-46b3-a3d3-abd4793c0e7c:0
[  393400ms] [WARNING] The resource http://localhost:3111/_next/static/css/app/layout.css?v=1790873497143 was preloaded using link preload but not used within a few seconds from the window's load event. Please make sure it has an appropriate `as` value and it is preloaded intentionally. @ http://localhost:3111/paquetes-trabajo?proyectoId=51f5905b-6198-46b3-a3d3-abd4793c0e7c:0
[  393400ms] [WARNING] The resource http://localhost:3111/_next/static/css/app/layout.css?v=1790873496862 was preloaded using link preload but not used within a few seconds from the window's load event. Please make sure it has an appropriate `as` value and it is preloaded intentionally. @ http://localhost:3111/paquetes-trabajo?proyectoId=51f5905b-6198-46b3-a3d3-abd4793c0e7c:0
[  403496ms] [WARNING] The resource http://localhost:3111/_next/static/css/app/layout.css?v=1790873497143 was preloaded using link preload but not used within a few seconds from the window's load event. Please make sure it has an appropriate `as` value and it is preloaded intentionally. @ http://localhost:3111/paquetes-trabajo?proyectoId=51f5905b-6198-46b3-a3d3-abd4793c0e7c:0
[  403496ms] [WARNING] The resource http://localhost:3111/_next/static/css/app/layout.css?v=1790873496862 was preloaded using link preload but not used within a few seconds from the window's load event. Please make sure it has an appropriate `as` value and it is preloaded intentionally. @ http://localhost:3111/paquetes-trabajo?proyectoId=51f5905b-6198-46b3-a3d3-abd4793c0e7c:0
[  408402ms] [WARNING] The resource http://localhost:3111/_next/static/css/app/layout.css?v=1790873497143 was preloaded using link preload but not used within a few seconds from the window's load event. Please make sure it has an appropriate `as` value and it is preloaded intentionally. @ http://localhost:3111/paquetes-trabajo?proyectoId=51f5905b-6198-46b3-a3d3-abd4793c0e7c:0
[  408402ms] [WARNING] The resource http://localhost:3111/_next/static/css/app/layout.css?v=1790873496862 was preloaded using link preload but not used within a few seconds from the window's load event. Please make sure it has an appropriate `as` value and it is preloaded intentionally. @ http://localhost:3111/paquetes-trabajo?proyectoId=51f5905b-6198-46b3-a3d3-abd4793c0e7c:0
[  413450ms] [WARNING] The resource http://localhost:3111/_next/static/css/app/layout.css?v=1790873497143 was preloaded using link preload but not used within a few seconds from the window's load event. Please make sure it has an appropriate `as` value and it is preloaded intentionally. @ http://localhost:3111/paquetes-trabajo?proyectoId=51f5905b-6198-46b3-a3d3-abd4793c0e7c:0
[  413450ms] [WARNING] The resource http://localhost:3111/_next/static/css/app/layout.css?v=1790873496862 was preloaded using link preload but not used within a few seconds from the window's load event. Please make sure it has an appropriate `as` value and it is preloaded intentionally. @ http://localhost:3111/paquetes-trabajo?proyectoId=51f5905b-6198-46b3-a3d3-abd4793c0e7c:0
[  418385ms] [WARNING] The resource http://localhost:3111/_next/static/css/app/layout.css?v=1790873497143 was preloaded using link preload but not used within a few seconds from the window's load event. Please make sure it has an appropriate `as` value and it is preloaded intentionally. @ http://localhost:3111/paquetes-trabajo?proyectoId=51f5905b-6198-46b3-a3d3-abd4793c0e7c:0
[  418385ms] [WARNING] The resource http://localhost:3111/_next/static/css/app/layout.css?v=1790873496862 was preloaded using link preload but not used within a few seconds from the window's load event. Please make sure it has an appropriate `as` value and it is preloaded intentionally. @ http://localhost:3111/paquetes-trabajo?proyectoId=51f5905b-6198-46b3-a3d3-abd4793c0e7c:0
[  428251ms] [LOG] [Fast Refresh] rebuilding @ webpack-internal:///(app-pages-browser)/../../node_modules/next/dist/next-devtools/shared/forward-logs-shared.js:44
[  428375ms] [WARNING] The resource http://localhost:3111/_next/static/css/app/layout.css?v=1790873497143 was preloaded using link preload but not used within a few seconds from the window's load event. Please make sure it has an appropriate `as` value and it is preloaded intentionally. @ http://localhost:3111/paquetes-trabajo?proyectoId=51f5905b-6198-46b3-a3d3-abd4793c0e7c:0
[  428375ms] [WARNING] The resource http://localhost:3111/_next/static/css/app/layout.css?v=1790873496862 was preloaded using link preload but not used within a few seconds from the window's load event. Please make sure it has an appropriate `as` value and it is preloaded intentionally. @ http://localhost:3111/paquetes-trabajo?proyectoId=51f5905b-6198-46b3-a3d3-abd4793c0e7c:0
[  428921ms] [LOG] [Fast Refresh] done in 671ms @ webpack-internal:///(app-pages-browser)/../../node_modules/next/dist/next-devtools/shared/forward-logs-shared.js:44
[  428936ms] [LOG] [Fast Refresh] rebuilding @ webpack-internal:///(app-pages-browser)/../../node_modules/next/dist/next-devtools/shared/forward-logs-shared.js:44
[  429153ms] [LOG] [Fast Refresh] done in 218ms @ webpack-internal:///(app-pages-browser)/../../node_modules/next/dist/next-devtools/shared/forward-logs-shared.js:44
[  431973ms] [INFO] %cDownload the React DevTools for a better development experience: https://react.dev/link/react-devtools font-weight:bold @ webpack-internal:///(app-pages-browser)/../../node_modules/next/dist/next-devtools/shared/forward-logs-shared.js:44
[  432015ms] [LOG] [HMR] connected @ webpack-internal:///(app-pages-browser)/../../node_modules/next/dist/next-devtools/shared/forward-logs-shared.js:44
[  432950ms] [LOG] [Fast Refresh] rebuilding @ webpack-internal:///(app-pages-browser)/../../node_modules/next/dist/next-devtools/shared/forward-logs-shared.js:44
[  433444ms] [LOG] [Fast Refresh] done in 495ms @ webpack-internal:///(app-pages-browser)/../../node_modules/next/dist/next-devtools/shared/forward-logs-shared.js:44
[  433498ms] [LOG] [Fast Refresh] rebuilding @ webpack-internal:///(app-pages-browser)/../../node_modules/next/dist/next-devtools/shared/forward-logs-shared.js:44
[  433762ms] [LOG] [Fast Refresh] done in 263ms @ webpack-internal:///(app-pages-browser)/../../node_modules/next/dist/next-devtools/shared/forward-logs-shared.js:44
[  452213ms] [WARNING] The resource http://localhost:3111/_next/static/css/app/layout.css?v=1790873696803 was preloaded using link preload but not used within a few seconds from the window's load event. Please make sure it has an appropriate `as` value and it is preloaded intentionally. @ http://localhost:3111/cronograma?proyectoId=51f5905b-6198-46b3-a3d3-abd4793c0e7c:0
[  452213ms] [WARNING] The resource http://localhost:3111/_next/static/css/app/layout.css?v=1790873695293 was preloaded using link preload but not used within a few seconds from the window's load event. Please make sure it has an appropriate `as` value and it is preloaded intentionally. @ http://localhost:3111/cronograma?proyectoId=51f5905b-6198-46b3-a3d3-abd4793c0e7c:0
[  454384ms] [INFO] %cDownload the React DevTools for a better development experience: https://react.dev/link/react-devtools font-weight:bold @ webpack-internal:///(app-pages-browser)/../../node_modules/next/dist/next-devtools/shared/forward-logs-shared.js:44
[  454438ms] [LOG] [HMR] connected @ webpack-internal:///(app-pages-browser)/../../node_modules/next/dist/next-devtools/shared/forward-logs-shared.js:44
