[    2774ms] [INFO] %cDownload the React DevTools for a better development experience: https://react.dev/link/react-devtools font-weight:bold @ webpack-internal:///(app-pages-browser)/../../node_modules/next/dist/next-devtools/shared/forward-logs-shared.js:44
[    2818ms] [LOG] [HMR] connected @ webpack-internal:///(app-pages-browser)/../../node_modules/next/dist/next-devtools/shared/forward-logs-shared.js:44
[    3430ms] [LOG] [Fast Refresh] rebuilding @ webpack-internal:///(app-pages-browser)/../../node_modules/next/dist/next-devtools/shared/forward-logs-shared.js:44
[    3775ms] [LOG] [Fast Refresh] done in 346ms @ webpack-internal:///(app-pages-browser)/../../node_modules/next/dist/next-devtools/shared/forward-logs-shared.js:44
[    3849ms] [LOG] [Fast Refresh] rebuilding @ webpack-internal:///(app-pages-browser)/../../node_modules/next/dist/next-devtools/shared/forward-logs-shared.js:44
[    4388ms] [LOG] [Fast Refresh] done in 539ms @ webpack-internal:///(app-pages-browser)/../../node_modules/next/dist/next-devtools/shared/forward-logs-shared.js:44
[   13367ms] [WARNING] The resource http://localhost:3111/_next/static/css/app/layout.css?v=1790873852989 was preloaded using link preload but not used within a few seconds from the window's load event. Please make sure it has an appropriate `as` value and it is preloaded intentionally. @ http://localhost:3111/paquetes-trabajo?proyectoId=85750ef0-b443-4211-bbbe-aae374be5756:0
[   13537ms] [LOG] [Fast Refresh] rebuilding @ webpack-internal:///(app-pages-browser)/../../node_modules/next/dist/next-devtools/shared/forward-logs-shared.js:44
[   13890ms] [LOG] [Fast Refresh] done in 353ms @ webpack-internal:///(app-pages-browser)/../../node_modules/next/dist/next-devtools/shared/forward-logs-shared.js:44
[   13958ms] [LOG] [Fast Refresh] rebuilding @ webpack-internal:///(app-pages-browser)/../../node_modules/next/dist/next-devtools/shared/forward-logs-shared.js:44
[   14224ms] [LOG] [Fast Refresh] done in 267ms @ webpack-internal:///(app-pages-browser)/../../node_modules/next/dist/next-devtools/shared/forward-logs-shared.js:44
[   23257ms] [WARNING] The resource http://localhost:3111/_next/static/css/app/layout.css?v=1790873852989 was preloaded using link preload but not used within a few seconds from the window's load event. Please make sure it has an appropriate `as` value and it is preloaded intentionally. @ http://localhost:3111/paquetes-trabajo?proyectoId=85750ef0-b443-4211-bbbe-aae374be5756:0
[   28278ms] [WARNING] The resource http://localhost:3111/_next/static/css/app/layout.css?v=1790873852989 was preloaded using link preload but not used within a few seconds from the window's load event. Please make sure it has an appropriate `as` value and it is preloaded intentionally. @ http://localhost:3111/paquetes-trabajo?proyectoId=85750ef0-b443-4211-bbbe-aae374be5756:0
[   38215ms] [WARNING] The resource http://localhost:3111/_next/static/css/app/layout.css?v=1790873852989 was preloaded using link preload but not used within a few seconds from the window's load event. Please make sure it has an appropriate `as` value and it is preloaded intentionally. @ http://localhost:3111/paquetes-trabajo?proyectoId=85750ef0-b443-4211-bbbe-aae374be5756:0
[   42187ms] [INFO] %cDownload the React DevTools for a better development experience: https://react.dev/link/react-devtools font-weight:bold @ webpack-internal:///(app-pages-browser)/../../node_modules/next/dist/next-devtools/shared/forward-logs-shared.js:44
[   42235ms] [LOG] [HMR] connected @ webpack-internal:///(app-pages-browser)/../../node_modules/next/dist/next-devtools/shared/forward-logs-shared.js:44
[   52487ms] [WARNING] The resource http://localhost:3111/_next/static/css/app/layout.css?v=1790873892253 was preloaded using link preload but not used within a few seconds from the window's load event. Please make sure it has an appropriate `as` value and it is preloaded intentionally. @ http://localhost:3111/paquetes-trabajo?proyectoId=85750ef0-b443-4211-bbbe-aae374be5756:0
[   57486ms] [WARNING] The resource http://localhost:3111/_next/static/css/app/layout.css?v=1790873892253 was preloaded using link preload but not used within a few seconds from the window's load event. Please make sure it has an appropriate `as` value and it is preloaded intentionally. @ http://localhost:3111/paquetes-trabajo?proyectoId=85750ef0-b443-4211-bbbe-aae374be5756:0
[   67508ms] [WARNING] The resource http://localhost:3111/_next/static/css/app/layout.css?v=1790873892253 was preloaded using link preload but not used within a few seconds from the window's load event. Please make sure it has an appropriate `as` value and it is preloaded intentionally. @ http://localhost:3111/paquetes-trabajo?proyectoId=85750ef0-b443-4211-bbbe-aae374be5756:0
[   82429ms] [WARNING] The resource http://localhost:3111/_next/static/css/app/layout.css?v=1790873892253 was preloaded using link preload but not used within a few seconds from the window's load event. Please make sure it has an appropriate `as` value and it is preloaded intentionally. @ http://localhost:3111/paquetes-trabajo?proyectoId=85750ef0-b443-4211-bbbe-aae374be5756:0
