[     476ms] [LOG] [Fast Refresh] rebuilding @ webpack-internal:///(app-pages-browser)/../../node_modules/next/dist/next-devtools/shared/forward-logs-shared.js:44
[    1585ms] [LOG] [Fast Refresh] done in 1109ms @ webpack-internal:///(app-pages-browser)/../../node_modules/next/dist/next-devtools/shared/forward-logs-shared.js:44
[    4604ms] [INFO] %cDownload the React DevTools for a better development experience: https://react.dev/link/react-devtools font-weight:bold @ webpack-internal:///(app-pages-browser)/../../node_modules/next/dist/next-devtools/shared/forward-logs-shared.js:44
[    4693ms] [LOG] [HMR] connected @ webpack-internal:///(app-pages-browser)/../../node_modules/next/dist/next-devtools/shared/forward-logs-shared.js:44
[    5565ms] [LOG] [Fast Refresh] rebuilding @ webpack-internal:///(app-pages-browser)/../../node_modules/next/dist/next-devtools/shared/forward-logs-shared.js:44
[    6104ms] [LOG] [Fast Refresh] rebuilding @ webpack-internal:///(app-pages-browser)/../../node_modules/next/dist/next-devtools/shared/forward-logs-shared.js:44
[    6568ms] [LOG] [Fast Refresh] done in 464ms @ webpack-internal:///(app-pages-browser)/../../node_modules/next/dist/next-devtools/shared/forward-logs-shared.js:44
[    9442ms] [LOG] [Fast Refresh] done in 3338ms @ webpack-internal:///(app-pages-browser)/../../node_modules/next/dist/next-devtools/shared/forward-logs-shared.js:44
[   45236ms] [LOG] [Fast Refresh] rebuilding @ webpack-internal:///(app-pages-browser)/../../node_modules/next/dist/next-devtools/shared/forward-logs-shared.js:44
[   45712ms] [LOG] [Fast Refresh] done in 477ms @ webpack-internal:///(app-pages-browser)/../../node_modules/next/dist/next-devtools/shared/forward-logs-shared.js:44
[   45731ms] [LOG] [Fast Refresh] rebuilding @ webpack-internal:///(app-pages-browser)/../../node_modules/next/dist/next-devtools/shared/forward-logs-shared.js:44
[   45972ms] [LOG] [Fast Refresh] done in 242ms @ webpack-internal:///(app-pages-browser)/../../node_modules/next/dist/next-devtools/shared/forward-logs-shared.js:44
[   46041ms] [LOG] [Fast Refresh] rebuilding @ webpack-internal:///(app-pages-browser)/../../node_modules/next/dist/next-devtools/shared/forward-logs-shared.js:44
[   46328ms] [LOG] [Fast Refresh] done in 287ms @ webpack-internal:///(app-pages-browser)/../../node_modules/next/dist/next-devtools/shared/forward-logs-shared.js:44
[   80187ms] [WARNING] The resource http://localhost:3111/_next/static/css/app/layout.css?v=1790871913910 was preloaded using link preload but not used within a few seconds from the window's load event. Please make sure it has an appropriate `as` value and it is preloaded intentionally. @ http://localhost:3111/paquetes-trabajo?proyectoId=51f5905b-6198-46b3-a3d3-abd4793c0e7c:0
[   80188ms] [WARNING] The resource http://localhost:3111/_next/static/css/app/layout.css?v=1790871916056 was preloaded using link preload but not used within a few seconds from the window's load event. Please make sure it has an appropriate `as` value and it is preloaded intentionally. @ http://localhost:3111/paquetes-trabajo?proyectoId=51f5905b-6198-46b3-a3d3-abd4793c0e7c:0
[   85662ms] [INFO] %cDownload the React DevTools for a better development experience: https://react.dev/link/react-devtools font-weight:bold @ webpack-internal:///(app-pages-browser)/../../node_modules/next/dist/next-devtools/shared/forward-logs-shared.js:44
[   85738ms] [LOG] [HMR] connected @ webpack-internal:///(app-pages-browser)/../../node_modules/next/dist/next-devtools/shared/forward-logs-shared.js:44
[  163387ms] [INFO] %cDownload the React DevTools for a better development experience: https://react.dev/link/react-devtools font-weight:bold @ webpack-internal:///(app-pages-browser)/../../node_modules/next/dist/next-devtools/shared/forward-logs-shared.js:44
[  163469ms] [LOG] [HMR] connected @ webpack-internal:///(app-pages-browser)/../../node_modules/next/dist/next-devtools/shared/forward-logs-shared.js:44
[  173818ms] [WARNING] The resource http://localhost:3111/_next/static/css/app/layout.css?v=1790872072319 was preloaded using link preload but not used within a few seconds from the window's load event. Please make sure it has an appropriate `as` value and it is preloaded intentionally. @ http://localhost:3111/paquetes-trabajo?proyectoId=51f5905b-6198-46b3-a3d3-abd4793c0e7c:0
[  178953ms] [WARNING] The resource http://localhost:3111/_next/static/css/app/layout.css?v=1790872072319 was preloaded using link preload but not used within a few seconds from the window's load event. Please make sure it has an appropriate `as` value and it is preloaded intentionally. @ http://localhost:3111/paquetes-trabajo?proyectoId=51f5905b-6198-46b3-a3d3-abd4793c0e7c:0
[  183936ms] [WARNING] The resource http://localhost:3111/_next/static/css/app/layout.css?v=1790872072319 was preloaded using link preload but not used within a few seconds from the window's load event. Please make sure it has an appropriate `as` value and it is preloaded intentionally. @ http://localhost:3111/paquetes-trabajo?proyectoId=51f5905b-6198-46b3-a3d3-abd4793c0e7c:0
[  188973ms] [WARNING] The resource http://localhost:3111/_next/static/css/app/layout.css?v=1790872072319 was preloaded using link preload but not used within a few seconds from the window's load event. Please make sure it has an appropriate `as` value and it is preloaded intentionally. @ http://localhost:3111/paquetes-trabajo?proyectoId=51f5905b-6198-46b3-a3d3-abd4793c0e7c:0
[  193878ms] [WARNING] The resource http://localhost:3111/_next/static/css/app/layout.css?v=1790872072319 was preloaded using link preload but not used within a few seconds from the window's load event. Please make sure it has an appropriate `as` value and it is preloaded intentionally. @ http://localhost:3111/paquetes-trabajo?proyectoId=51f5905b-6198-46b3-a3d3-abd4793c0e7c:0
[  198962ms] [WARNING] The resource http://localhost:3111/_next/static/css/app/layout.css?v=1790872072319 was preloaded using link preload but not used within a few seconds from the window's load event. Please make sure it has an appropriate `as` value and it is preloaded intentionally. @ http://localhost:3111/paquetes-trabajo?proyectoId=51f5905b-6198-46b3-a3d3-abd4793c0e7c:0
[  208913ms] [WARNING] The resource http://localhost:3111/_next/static/css/app/layout.css?v=1790872072319 was preloaded using link preload but not used within a few seconds from the window's load event. Please make sure it has an appropriate `as` value and it is preloaded intentionally. @ http://localhost:3111/paquetes-trabajo?proyectoId=51f5905b-6198-46b3-a3d3-abd4793c0e7c:0
[  213912ms] [WARNING] The resource http://localhost:3111/_next/static/css/app/layout.css?v=1790872072319 was preloaded using link preload but not used within a few seconds from the window's load event. Please make sure it has an appropriate `as` value and it is preloaded intentionally. @ http://localhost:3111/paquetes-trabajo?proyectoId=51f5905b-6198-46b3-a3d3-abd4793c0e7c:0
[  218788ms] [WARNING] The resource http://localhost:3111/_next/static/css/app/layout.css?v=1790872072319 was preloaded using link preload but not used within a few seconds from the window's load event. Please make sure it has an appropriate `as` value and it is preloaded intentionally. @ http://localhost:3111/paquetes-trabajo?proyectoId=51f5905b-6198-46b3-a3d3-abd4793c0e7c:0
[  223838ms] [WARNING] The resource http://localhost:3111/_next/static/css/app/layout.css?v=1790872072319 was preloaded using link preload but not used within a few seconds from the window's load event. Please make sure it has an appropriate `as` value and it is preloaded intentionally. @ http://localhost:3111/paquetes-trabajo?proyectoId=51f5905b-6198-46b3-a3d3-abd4793c0e7c:0
[  228868ms] [WARNING] The resource http://localhost:3111/_next/static/css/app/layout.css?v=1790872072319 was preloaded using link preload but not used within a few seconds from the window's load event. Please make sure it has an appropriate `as` value and it is preloaded intentionally. @ http://localhost:3111/paquetes-trabajo?proyectoId=51f5905b-6198-46b3-a3d3-abd4793c0e7c:0
[  243820ms] [WARNING] The resource http://localhost:3111/_next/static/css/app/layout.css?v=1790872072319 was preloaded using link preload but not used within a few seconds from the window's load event. Please make sure it has an appropriate `as` value and it is preloaded intentionally. @ http://localhost:3111/paquetes-trabajo?proyectoId=51f5905b-6198-46b3-a3d3-abd4793c0e7c:0
[  248821ms] [WARNING] The resource http://localhost:3111/_next/static/css/app/layout.css?v=1790872072319 was preloaded using link preload but not used within a few seconds from the window's load event. Please make sure it has an appropriate `as` value and it is preloaded intentionally. @ http://localhost:3111/paquetes-trabajo?proyectoId=51f5905b-6198-46b3-a3d3-abd4793c0e7c:0
