[    1171ms] [ERROR] Failed to load resource: the server responded with a status of 403 (Forbidden) @ http://localhost:3111/api/plan-maestro:0
[    2187ms] [LOG] [Fast Refresh] rebuilding @ webpack-internal:///(app-pages-browser)/../../node_modules/next/dist/next-devtools/shared/forward-logs-shared.js:44
[    4244ms] [WARNING] The resource http://localhost:3111/_next/static/css/app/layout.css?v=1790890588670 was preloaded using link preload but not used within a few seconds from the window's load event. Please make sure it has an appropriate `as` value and it is preloaded intentionally. @ http://localhost:3111/paquetes-trabajo?proyectoId=51f5905b-6198-46b3-a3d3-abd4793c0e7c:0
[    4244ms] [WARNING] The resource http://localhost:3111/_next/static/css/app/layout.css?v=1790890586684 was preloaded using link preload but not used within a few seconds from the window's load event. Please make sure it has an appropriate `as` value and it is preloaded intentionally. @ http://localhost:3111/paquetes-trabajo?proyectoId=51f5905b-6198-46b3-a3d3-abd4793c0e7c:0
[    4244ms] [WARNING] The resource http://localhost:3111/_next/static/css/app/layout.css?v=1790890584673 was preloaded using link preload but not used within a few seconds from the window's load event. Please make sure it has an appropriate `as` value and it is preloaded intentionally. @ http://localhost:3111/paquetes-trabajo?proyectoId=51f5905b-6198-46b3-a3d3-abd4793c0e7c:0
[    4244ms] [WARNING] The resource http://localhost:3111/_next/static/css/app/layout.css?v=1790890851470 was preloaded using link preload but not used within a few seconds from the window's load event. Please make sure it has an appropriate `as` value and it is preloaded intentionally. @ http://localhost:3111/paquetes-trabajo?proyectoId=51f5905b-6198-46b3-a3d3-abd4793c0e7c:0
[    4244ms] [WARNING] The resource http://localhost:3111/_next/static/css/app/layout.css?v=1790890885965 was preloaded using link preload but not used within a few seconds from the window's load event. Please make sure it has an appropriate `as` value and it is preloaded intentionally. @ http://localhost:3111/paquetes-trabajo?proyectoId=51f5905b-6198-46b3-a3d3-abd4793c0e7c:0
[    4245ms] [WARNING] The resource http://localhost:3111/_next/static/css/app/layout.css?v=1790890588506 was preloaded using link preload but not used within a few seconds from the window's load event. Please make sure it has an appropriate `as` value and it is preloaded intentionally. @ http://localhost:3111/paquetes-trabajo?proyectoId=51f5905b-6198-46b3-a3d3-abd4793c0e7c:0
[    4245ms] [WARNING] The resource http://localhost:3111/_next/static/css/app/layout.css?v=1790890641378 was preloaded using link preload but not used within a few seconds from the window's load event. Please make sure it has an appropriate `as` value and it is preloaded intentionally. @ http://localhost:3111/paquetes-trabajo?proyectoId=51f5905b-6198-46b3-a3d3-abd4793c0e7c:0
[    4245ms] [WARNING] The resource http://localhost:3111/_next/static/css/app/layout.css?v=1790890885358 was preloaded using link preload but not used within a few seconds from the window's load event. Please make sure it has an appropriate `as` value and it is preloaded intentionally. @ http://localhost:3111/paquetes-trabajo?proyectoId=51f5905b-6198-46b3-a3d3-abd4793c0e7c:0
[    4245ms] [WARNING] The resource http://localhost:3111/_next/static/css/app/layout.css?v=1790890859977 was preloaded using link preload but not used within a few seconds from the window's load event. Please make sure it has an appropriate `as` value and it is preloaded intentionally. @ http://localhost:3111/paquetes-trabajo?proyectoId=51f5905b-6198-46b3-a3d3-abd4793c0e7c:0
[    4245ms] [WARNING] The resource http://localhost:3111/_next/static/css/app/layout.css?v=1790890911321 was preloaded using link preload but not used within a few seconds from the window's load event. Please make sure it has an appropriate `as` value and it is preloaded intentionally. @ http://localhost:3111/paquetes-trabajo?proyectoId=51f5905b-6198-46b3-a3d3-abd4793c0e7c:0
[    4245ms] [WARNING] The resource http://localhost:3111/_next/static/css/app/layout.css?v=1790890922351 was preloaded using link preload but not used within a few seconds from the window's load event. Please make sure it has an appropriate `as` value and it is preloaded intentionally. @ http://localhost:3111/paquetes-trabajo?proyectoId=51f5905b-6198-46b3-a3d3-abd4793c0e7c:0
[    7933ms] [LOG] [Fast Refresh] done in 5746ms @ webpack-internal:///(app-pages-browser)/../../node_modules/next/dist/next-devtools/shared/forward-logs-shared.js:44
[    8277ms] [LOG] [Fast Refresh] rebuilding @ webpack-internal:///(app-pages-browser)/../../node_modules/next/dist/next-devtools/shared/forward-logs-shared.js:44
[    9861ms] [LOG] [Fast Refresh] done in 1584ms @ webpack-internal:///(app-pages-browser)/../../node_modules/next/dist/next-devtools/shared/forward-logs-shared.js:44
[   12420ms] [ERROR] Failed to load resource: the server responded with a status of 400 (Bad Request) @ http://localhost:3111/api/paquetes-trabajo:0
[   15552ms] [INFO] %cDownload the React DevTools for a better development experience: https://react.dev/link/react-devtools font-weight:bold @ webpack-internal:///(app-pages-browser)/../../node_modules/next/dist/next-devtools/shared/forward-logs-shared.js:44
[   15684ms] [LOG] [HMR] connected @ webpack-internal:///(app-pages-browser)/../../node_modules/next/dist/next-devtools/shared/forward-logs-shared.js:44
[   18283ms] [LOG] [Fast Refresh] rebuilding @ webpack-internal:///(app-pages-browser)/../../node_modules/next/dist/next-devtools/shared/forward-logs-shared.js:44
[   20779ms] [LOG] [Fast Refresh] done in 2499ms @ webpack-internal:///(app-pages-browser)/../../node_modules/next/dist/next-devtools/shared/forward-logs-shared.js:44
[   21646ms] [LOG] [Fast Refresh] rebuilding @ webpack-internal:///(app-pages-browser)/../../node_modules/next/dist/next-devtools/shared/forward-logs-shared.js:44
[   23703ms] [LOG] [Fast Refresh] done in 2057ms @ webpack-internal:///(app-pages-browser)/../../node_modules/next/dist/next-devtools/shared/forward-logs-shared.js:44
[   86941ms] [WARNING] The resource http://localhost:3111/_next/static/css/app/layout.css?v=1790891038521 was preloaded using link preload but not used within a few seconds from the window's load event. Please make sure it has an appropriate `as` value and it is preloaded intentionally. @ http://localhost:3111/plan-maestro?proyectoId=51f5905b-6198-46b3-a3d3-abd4793c0e7c:0
[   86965ms] [WARNING] The resource http://localhost:3111/_next/static/css/app/layout.css?v=1790890984031 was preloaded using link preload but not used within a few seconds from the window's load event. Please make sure it has an appropriate `as` value and it is preloaded intentionally. @ http://localhost:3111/plan-maestro?proyectoId=51f5905b-6198-46b3-a3d3-abd4793c0e7c:0
[   86966ms] [WARNING] The resource http://localhost:3111/_next/static/css/app/layout.css?v=1790890981643 was preloaded using link preload but not used within a few seconds from the window's load event. Please make sure it has an appropriate `as` value and it is preloaded intentionally. @ http://localhost:3111/plan-maestro?proyectoId=51f5905b-6198-46b3-a3d3-abd4793c0e7c:0
[   86966ms] [WARNING] The resource http://localhost:3111/_next/static/css/app/layout.css?v=1790891009311 was preloaded using link preload but not used within a few seconds from the window's load event. Please make sure it has an appropriate `as` value and it is preloaded intentionally. @ http://localhost:3111/plan-maestro?proyectoId=51f5905b-6198-46b3-a3d3-abd4793c0e7c:0
[   86966ms] [WARNING] The resource http://localhost:3111/_next/static/css/app/layout.css?v=1790890985891 was preloaded using link preload but not used within a few seconds from the window's load event. Please make sure it has an appropriate `as` value and it is preloaded intentionally. @ http://localhost:3111/plan-maestro?proyectoId=51f5905b-6198-46b3-a3d3-abd4793c0e7c:0
[   86966ms] [WARNING] The resource http://localhost:3111/_next/static/css/app/layout.css?v=1790890986138 was preloaded using link preload but not used within a few seconds from the window's load event. Please make sure it has an appropriate `as` value and it is preloaded intentionally. @ http://localhost:3111/plan-maestro?proyectoId=51f5905b-6198-46b3-a3d3-abd4793c0e7c:0
[  152252ms] [WARNING] The resource http://localhost:3111/_next/static/css/app/layout.css?v=1790890981643 was preloaded using link preload but not used within a few seconds from the window's load event. Please make sure it has an appropriate `as` value and it is preloaded intentionally. @ http://localhost:3111/plan-maestro?proyectoId=51f5905b-6198-46b3-a3d3-abd4793c0e7c:0
[  152252ms] [WARNING] The resource http://localhost:3111/_next/static/css/app/layout.css?v=1790891009311 was preloaded using link preload but not used within a few seconds from the window's load event. Please make sure it has an appropriate `as` value and it is preloaded intentionally. @ http://localhost:3111/plan-maestro?proyectoId=51f5905b-6198-46b3-a3d3-abd4793c0e7c:0
[  152252ms] [WARNING] The resource http://localhost:3111/_next/static/css/app/layout.css?v=1790890985891 was preloaded using link preload but not used within a few seconds from the window's load event. Please make sure it has an appropriate `as` value and it is preloaded intentionally. @ http://localhost:3111/plan-maestro?proyectoId=51f5905b-6198-46b3-a3d3-abd4793c0e7c:0
[  152252ms] [WARNING] The resource http://localhost:3111/_next/static/css/app/layout.css?v=1790890986138 was preloaded using link preload but not used within a few seconds from the window's load event. Please make sure it has an appropriate `as` value and it is preloaded intentionally. @ http://localhost:3111/plan-maestro?proyectoId=51f5905b-6198-46b3-a3d3-abd4793c0e7c:0
[  152269ms] [WARNING] The resource http://localhost:3111/_next/static/css/app/layout.css?v=1790891038521 was preloaded using link preload but not used within a few seconds from the window's load event. Please make sure it has an appropriate `as` value and it is preloaded intentionally. @ http://localhost:3111/plan-maestro?proyectoId=51f5905b-6198-46b3-a3d3-abd4793c0e7c:0
[  152269ms] [WARNING] The resource http://localhost:3111/_next/static/css/app/layout.css?v=1790890984031 was preloaded using link preload but not used within a few seconds from the window's load event. Please make sure it has an appropriate `as` value and it is preloaded intentionally. @ http://localhost:3111/plan-maestro?proyectoId=51f5905b-6198-46b3-a3d3-abd4793c0e7c:0
[  152269ms] [WARNING] The resource http://localhost:3111/_next/static/css/app/layout.css?v=1790891046371 was preloaded using link preload but not used within a few seconds from the window's load event. Please make sure it has an appropriate `as` value and it is preloaded intentionally. @ http://localhost:3111/plan-maestro?proyectoId=51f5905b-6198-46b3-a3d3-abd4793c0e7c:0
[  153273ms] [LOG] [Fast Refresh] rebuilding @ webpack-internal:///(app-pages-browser)/../../node_modules/next/dist/next-devtools/shared/forward-logs-shared.js:44
[  167830ms] [WARNING] The resource http://localhost:3111/_next/static/css/app/layout.css?v=1790890981643 was preloaded using link preload but not used within a few seconds from the window's load event. Please make sure it has an appropriate `as` value and it is preloaded intentionally. @ http://localhost:3111/plan-maestro?proyectoId=51f5905b-6198-46b3-a3d3-abd4793c0e7c:0
[  167830ms] [WARNING] The resource http://localhost:3111/_next/static/css/app/layout.css?v=1790891009311 was preloaded using link preload but not used within a few seconds from the window's load event. Please make sure it has an appropriate `as` value and it is preloaded intentionally. @ http://localhost:3111/plan-maestro?proyectoId=51f5905b-6198-46b3-a3d3-abd4793c0e7c:0
[  167830ms] [WARNING] The resource http://localhost:3111/_next/static/css/app/layout.css?v=1790890985891 was preloaded using link preload but not used within a few seconds from the window's load event. Please make sure it has an appropriate `as` value and it is preloaded intentionally. @ http://localhost:3111/plan-maestro?proyectoId=51f5905b-6198-46b3-a3d3-abd4793c0e7c:0
[  167830ms] [WARNING] The resource http://localhost:3111/_next/static/css/app/layout.css?v=1790890986138 was preloaded using link preload but not used within a few seconds from the window's load event. Please make sure it has an appropriate `as` value and it is preloaded intentionally. @ http://localhost:3111/plan-maestro?proyectoId=51f5905b-6198-46b3-a3d3-abd4793c0e7c:0
[  167830ms] [WARNING] The resource http://localhost:3111/_next/static/css/app/layout.css?v=1790891038521 was preloaded using link preload but not used within a few seconds from the window's load event. Please make sure it has an appropriate `as` value and it is preloaded intentionally. @ http://localhost:3111/plan-maestro?proyectoId=51f5905b-6198-46b3-a3d3-abd4793c0e7c:0
[  167830ms] [WARNING] The resource http://localhost:3111/_next/static/css/app/layout.css?v=1790890984031 was preloaded using link preload but not used within a few seconds from the window's load event. Please make sure it has an appropriate `as` value and it is preloaded intentionally. @ http://localhost:3111/plan-maestro?proyectoId=51f5905b-6198-46b3-a3d3-abd4793c0e7c:0
[  167830ms] [WARNING] The resource http://localhost:3111/_next/static/css/app/layout.css?v=1790891046371 was preloaded using link preload but not used within a few seconds from the window's load event. Please make sure it has an appropriate `as` value and it is preloaded intentionally. @ http://localhost:3111/plan-maestro?proyectoId=51f5905b-6198-46b3-a3d3-abd4793c0e7c:0
[  168238ms] [LOG] [Fast Refresh] rebuilding @ webpack-internal:///(app-pages-browser)/../../node_modules/next/dist/next-devtools/shared/forward-logs-shared.js:44
[  169216ms] [LOG] [Fast Refresh] done in 978ms @ webpack-internal:///(app-pages-browser)/../../node_modules/next/dist/next-devtools/shared/forward-logs-shared.js:44
[  169410ms] [LOG] [Fast Refresh] rebuilding @ webpack-internal:///(app-pages-browser)/../../node_modules/next/dist/next-devtools/shared/forward-logs-shared.js:44
[  170333ms] [LOG] [Fast Refresh] done in 923ms @ webpack-internal:///(app-pages-browser)/../../node_modules/next/dist/next-devtools/shared/forward-logs-shared.js:44
[  172159ms] [ERROR] Failed to load resource: the server responded with a status of 403 (Forbidden) @ http://localhost:3111/api/plan-maestro?proyectoId=51f5905b-6198-46b3-a3d3-abd4793c0e7c:0
[  173872ms] [ERROR] Failed to load resource: the server responded with a status of 403 (Forbidden) @ http://localhost:3111/api/rdts/catalogos?proyectoId=51f5905b-6198-46b3-a3d3-abd4793c0e7c:0
[  175180ms] [WARNING] The resource http://localhost:3111/_next/static/css/app/layout.css?v=1790891130592 was preloaded using link preload but not used within a few seconds from the window's load event. Please make sure it has an appropriate `as` value and it is preloaded intentionally. @ http://localhost:3111/plan-maestro?proyectoId=51f5905b-6198-46b3-a3d3-abd4793c0e7c:0
[  175180ms] [WARNING] The resource http://localhost:3111/_next/static/css/app/layout.css?v=1790891129344 was preloaded using link preload but not used within a few seconds from the window's load event. Please make sure it has an appropriate `as` value and it is preloaded intentionally. @ http://localhost:3111/plan-maestro?proyectoId=51f5905b-6198-46b3-a3d3-abd4793c0e7c:0
[  175180ms] [WARNING] The resource http://localhost:3111/_next/static/css/app/layout.css?v=1790890981643 was preloaded using link preload but not used within a few seconds from the window's load event. Please make sure it has an appropriate `as` value and it is preloaded intentionally. @ http://localhost:3111/plan-maestro?proyectoId=51f5905b-6198-46b3-a3d3-abd4793c0e7c:0
[  175180ms] [WARNING] The resource http://localhost:3111/_next/static/css/app/layout.css?v=1790891009311 was preloaded using link preload but not used within a few seconds from the window's load event. Please make sure it has an appropriate `as` value and it is preloaded intentionally. @ http://localhost:3111/plan-maestro?proyectoId=51f5905b-6198-46b3-a3d3-abd4793c0e7c:0
[  175180ms] [WARNING] The resource http://localhost:3111/_next/static/css/app/layout.css?v=1790890985891 was preloaded using link preload but not used within a few seconds from the window's load event. Please make sure it has an appropriate `as` value and it is preloaded intentionally. @ http://localhost:3111/plan-maestro?proyectoId=51f5905b-6198-46b3-a3d3-abd4793c0e7c:0
[  175180ms] [WARNING] The resource http://localhost:3111/_next/static/css/app/layout.css?v=1790890986138 was preloaded using link preload but not used within a few seconds from the window's load event. Please make sure it has an appropriate `as` value and it is preloaded intentionally. @ http://localhost:3111/plan-maestro?proyectoId=51f5905b-6198-46b3-a3d3-abd4793c0e7c:0
[  175180ms] [WARNING] The resource http://localhost:3111/_next/static/css/app/layout.css?v=1790891129024 was preloaded using link preload but not used within a few seconds from the window's load event. Please make sure it has an appropriate `as` value and it is preloaded intentionally. @ http://localhost:3111/plan-maestro?proyectoId=51f5905b-6198-46b3-a3d3-abd4793c0e7c:0
[  175180ms] [WARNING] The resource http://localhost:3111/_next/static/css/app/layout.css?v=1790891130160 was preloaded using link preload but not used within a few seconds from the window's load event. Please make sure it has an appropriate `as` value and it is preloaded intentionally. @ http://localhost:3111/plan-maestro?proyectoId=51f5905b-6198-46b3-a3d3-abd4793c0e7c:0
[  175180ms] [WARNING] The resource http://localhost:3111/_next/static/css/app/layout.css?v=1790891038521 was preloaded using link preload but not used within a few seconds from the window's load event. Please make sure it has an appropriate `as` value and it is preloaded intentionally. @ http://localhost:3111/plan-maestro?proyectoId=51f5905b-6198-46b3-a3d3-abd4793c0e7c:0
[  175180ms] [WARNING] The resource http://localhost:3111/_next/static/css/app/layout.css?v=1790890984031 was preloaded using link preload but not used within a few seconds from the window's load event. Please make sure it has an appropriate `as` value and it is preloaded intentionally. @ http://localhost:3111/plan-maestro?proyectoId=51f5905b-6198-46b3-a3d3-abd4793c0e7c:0
[  175180ms] [WARNING] The resource http://localhost:3111/_next/static/css/app/layout.css?v=1790891046371 was preloaded using link preload but not used within a few seconds from the window's load event. Please make sure it has an appropriate `as` value and it is preloaded intentionally. @ http://localhost:3111/plan-maestro?proyectoId=51f5905b-6198-46b3-a3d3-abd4793c0e7c:0
[  175181ms] [WARNING] The resource http://localhost:3111/_next/static/css/app/layout.css?v=1790891130002 was preloaded using link preload but not used within a few seconds from the window's load event. Please make sure it has an appropriate `as` value and it is preloaded intentionally. @ http://localhost:3111/plan-maestro?proyectoId=51f5905b-6198-46b3-a3d3-abd4793c0e7c:0
[  175488ms] [LOG] [Fast Refresh] done in 6079ms @ webpack-internal:///(app-pages-browser)/../../node_modules/next/dist/next-devtools/shared/forward-logs-shared.js:44
[  177539ms] [LOG] [Fast Refresh] rebuilding @ webpack-internal:///(app-pages-browser)/../../node_modules/next/dist/next-devtools/shared/forward-logs-shared.js:44
[  178690ms] [LOG] [Fast Refresh] rebuilding @ webpack-internal:///(app-pages-browser)/../../node_modules/next/dist/next-devtools/shared/forward-logs-shared.js:44
[  180498ms] [WARNING] The resource http://localhost:3111/_next/static/css/app/layout.css?v=1790891129344 was preloaded using link preload but not used within a few seconds from the window's load event. Please make sure it has an appropriate `as` value and it is preloaded intentionally. @ http://localhost:3111/mi-entorno?proyectoId=51f5905b-6198-46b3-a3d3-abd4793c0e7c:0
[  180498ms] [WARNING] The resource http://localhost:3111/_next/static/css/app/layout.css?v=1790890981643 was preloaded using link preload but not used within a few seconds from the window's load event. Please make sure it has an appropriate `as` value and it is preloaded intentionally. @ http://localhost:3111/mi-entorno?proyectoId=51f5905b-6198-46b3-a3d3-abd4793c0e7c:0
[  180498ms] [WARNING] The resource http://localhost:3111/_next/static/css/app/layout.css?v=1790891009311 was preloaded using link preload but not used within a few seconds from the window's load event. Please make sure it has an appropriate `as` value and it is preloaded intentionally. @ http://localhost:3111/mi-entorno?proyectoId=51f5905b-6198-46b3-a3d3-abd4793c0e7c:0
[  180499ms] [WARNING] The resource http://localhost:3111/_next/static/css/app/layout.css?v=1790890985891 was preloaded using link preload but not used within a few seconds from the window's load event. Please make sure it has an appropriate `as` value and it is preloaded intentionally. @ http://localhost:3111/mi-entorno?proyectoId=51f5905b-6198-46b3-a3d3-abd4793c0e7c:0
[  180499ms] [WARNING] The resource http://localhost:3111/_next/static/css/app/layout.css?v=1790890986138 was preloaded using link preload but not used within a few seconds from the window's load event. Please make sure it has an appropriate `as` value and it is preloaded intentionally. @ http://localhost:3111/mi-entorno?proyectoId=51f5905b-6198-46b3-a3d3-abd4793c0e7c:0
[  180499ms] [WARNING] The resource http://localhost:3111/_next/static/css/app/layout.css?v=1790891129024 was preloaded using link preload but not used within a few seconds from the window's load event. Please make sure it has an appropriate `as` value and it is preloaded intentionally. @ http://localhost:3111/mi-entorno?proyectoId=51f5905b-6198-46b3-a3d3-abd4793c0e7c:0
[  180499ms] [WARNING] The resource http://localhost:3111/_next/static/css/app/layout.css?v=1790891130160 was preloaded using link preload but not used within a few seconds from the window's load event. Please make sure it has an appropriate `as` value and it is preloaded intentionally. @ http://localhost:3111/mi-entorno?proyectoId=51f5905b-6198-46b3-a3d3-abd4793c0e7c:0
[  180499ms] [WARNING] The resource http://localhost:3111/_next/static/css/app/layout.css?v=1790891038521 was preloaded using link preload but not used within a few seconds from the window's load event. Please make sure it has an appropriate `as` value and it is preloaded intentionally. @ http://localhost:3111/mi-entorno?proyectoId=51f5905b-6198-46b3-a3d3-abd4793c0e7c:0
[  180499ms] [WARNING] The resource http://localhost:3111/_next/static/css/app/layout.css?v=1790890984031 was preloaded using link preload but not used within a few seconds from the window's load event. Please make sure it has an appropriate `as` value and it is preloaded intentionally. @ http://localhost:3111/mi-entorno?proyectoId=51f5905b-6198-46b3-a3d3-abd4793c0e7c:0
[  180499ms] [WARNING] The resource http://localhost:3111/_next/static/css/app/layout.css?v=1790891046371 was preloaded using link preload but not used within a few seconds from the window's load event. Please make sure it has an appropriate `as` value and it is preloaded intentionally. @ http://localhost:3111/mi-entorno?proyectoId=51f5905b-6198-46b3-a3d3-abd4793c0e7c:0
[  180499ms] [WARNING] The resource http://localhost:3111/_next/static/css/app/layout.css?v=1790891130002 was preloaded using link preload but not used within a few seconds from the window's load event. Please make sure it has an appropriate `as` value and it is preloaded intentionally. @ http://localhost:3111/mi-entorno?proyectoId=51f5905b-6198-46b3-a3d3-abd4793c0e7c:0
[  181011ms] [LOG] [Fast Refresh] done in 2322ms @ webpack-internal:///(app-pages-browser)/../../node_modules/next/dist/next-devtools/shared/forward-logs-shared.js:44
[  186671ms] [LOG] [Fast Refresh] done in 7981ms @ webpack-internal:///(app-pages-browser)/../../node_modules/next/dist/next-devtools/shared/forward-logs-shared.js:44
[  192114ms] [ERROR] Failed to load resource: the server responded with a status of 403 (Forbidden) @ http://localhost:3111/api/rdts/catalogos?proyectoId=51f5905b-6198-46b3-a3d3-abd4793c0e7c:0
[  210850ms] [ERROR] Failed to load resource: the server responded with a status of 403 (Forbidden) @ http://localhost:3111/api/rdts/catalogos?proyectoId=51f5905b-6198-46b3-a3d3-abd4793c0e7c:0
[  215676ms] [ERROR] Failed to load resource: the server responded with a status of 403 (Forbidden) @ http://localhost:3111/api/rdts/catalogos?proyectoId=51f5905b-6198-46b3-a3d3-abd4793c0e7c:0
[  218022ms] [ERROR] Failed to load resource: the server responded with a status of 403 (Forbidden) @ http://localhost:3111/api/plan-maestro?proyectoId=51f5905b-6198-46b3-a3d3-abd4793c0e7c:0
[  219200ms] [ERROR] Failed to load resource: the server responded with a status of 403 (Forbidden) @ http://localhost:3111/api/rdts/catalogos?proyectoId=51f5905b-6198-46b3-a3d3-abd4793c0e7c:0
[  219553ms] [ERROR] Failed to load resource: the server responded with a status of 403 (Forbidden) @ http://localhost:3111/api/plan-maestro?proyectoId=51f5905b-6198-46b3-a3d3-abd4793c0e7c:0
[  220707ms] [ERROR] Failed to load resource: the server responded with a status of 403 (Forbidden) @ http://localhost:3111/api/rdts/catalogos?proyectoId=51f5905b-6198-46b3-a3d3-abd4793c0e7c:0
[  228696ms] [ERROR] Failed to load resource: the server responded with a status of 403 (Forbidden) @ http://localhost:3111/api/plan-maestro?proyectoId=51f5905b-6198-46b3-a3d3-abd4793c0e7c:0
[  252201ms] [WARNING] The resource http://localhost:3111/_next/static/css/app/layout.css?v=1790891009311 was preloaded using link preload but not used within a few seconds from the window's load event. Please make sure it has an appropriate `as` value and it is preloaded intentionally. @ http://localhost:3111/mi-entorno?proyectoId=51f5905b-6198-46b3-a3d3-abd4793c0e7c:0
[  252201ms] [WARNING] The resource http://localhost:3111/_next/static/css/app/layout.css?v=1790891130160 was preloaded using link preload but not used within a few seconds from the window's load event. Please make sure it has an appropriate `as` value and it is preloaded intentionally. @ http://localhost:3111/mi-entorno?proyectoId=51f5905b-6198-46b3-a3d3-abd4793c0e7c:0
[  252202ms] [WARNING] The resource http://localhost:3111/_next/static/css/app/layout.css?v=1790890984031 was preloaded using link preload but not used within a few seconds from the window's load event. Please make sure it has an appropriate `as` value and it is preloaded intentionally. @ http://localhost:3111/mi-entorno?proyectoId=51f5905b-6198-46b3-a3d3-abd4793c0e7c:0
[  252202ms] [WARNING] The resource http://localhost:3111/_next/static/css/app/layout.css?v=1790891130002 was preloaded using link preload but not used within a few seconds from the window's load event. Please make sure it has an appropriate `as` value and it is preloaded intentionally. @ http://localhost:3111/mi-entorno?proyectoId=51f5905b-6198-46b3-a3d3-abd4793c0e7c:0
[  252202ms] [WARNING] The resource http://localhost:3111/_next/static/css/app/layout.css?v=1790891142143 was preloaded using link preload but not used within a few seconds from the window's load event. Please make sure it has an appropriate `as` value and it is preloaded intentionally. @ http://localhost:3111/mi-entorno?proyectoId=51f5905b-6198-46b3-a3d3-abd4793c0e7c:0
[  252202ms] [WARNING] The resource http://localhost:3111/_next/static/css/app/layout.css?v=1790891129344 was preloaded using link preload but not used within a few seconds from the window's load event. Please make sure it has an appropriate `as` value and it is preloaded intentionally. @ http://localhost:3111/mi-entorno?proyectoId=51f5905b-6198-46b3-a3d3-abd4793c0e7c:0
[  252202ms] [WARNING] The resource http://localhost:3111/_next/static/css/app/layout.css?v=1790890981643 was preloaded using link preload but not used within a few seconds from the window's load event. Please make sure it has an appropriate `as` value and it is preloaded intentionally. @ http://localhost:3111/mi-entorno?proyectoId=51f5905b-6198-46b3-a3d3-abd4793c0e7c:0
[  252202ms] [WARNING] The resource http://localhost:3111/_next/static/css/app/layout.css?v=1790890985891 was preloaded using link preload but not used within a few seconds from the window's load event. Please make sure it has an appropriate `as` value and it is preloaded intentionally. @ http://localhost:3111/mi-entorno?proyectoId=51f5905b-6198-46b3-a3d3-abd4793c0e7c:0
[  252202ms] [WARNING] The resource http://localhost:3111/_next/static/css/app/layout.css?v=1790890986138 was preloaded using link preload but not used within a few seconds from the window's load event. Please make sure it has an appropriate `as` value and it is preloaded intentionally. @ http://localhost:3111/mi-entorno?proyectoId=51f5905b-6198-46b3-a3d3-abd4793c0e7c:0
[  252202ms] [WARNING] The resource http://localhost:3111/_next/static/css/app/layout.css?v=1790891129024 was preloaded using link preload but not used within a few seconds from the window's load event. Please make sure it has an appropriate `as` value and it is preloaded intentionally. @ http://localhost:3111/mi-entorno?proyectoId=51f5905b-6198-46b3-a3d3-abd4793c0e7c:0
[  252202ms] [WARNING] The resource http://localhost:3111/_next/static/css/app/layout.css?v=1790891038521 was preloaded using link preload but not used within a few seconds from the window's load event. Please make sure it has an appropriate `as` value and it is preloaded intentionally. @ http://localhost:3111/mi-entorno?proyectoId=51f5905b-6198-46b3-a3d3-abd4793c0e7c:0
[  252202ms] [WARNING] The resource http://localhost:3111/_next/static/css/app/layout.css?v=1790891139393 was preloaded using link preload but not used within a few seconds from the window's load event. Please make sure it has an appropriate `as` value and it is preloaded intentionally. @ http://localhost:3111/mi-entorno?proyectoId=51f5905b-6198-46b3-a3d3-abd4793c0e7c:0
[  252203ms] [WARNING] The resource http://localhost:3111/_next/static/css/app/layout.css?v=1790891046371 was preloaded using link preload but not used within a few seconds from the window's load event. Please make sure it has an appropriate `as` value and it is preloaded intentionally. @ http://localhost:3111/mi-entorno?proyectoId=51f5905b-6198-46b3-a3d3-abd4793c0e7c:0
[  257469ms] [ERROR] Failed to load resource: the server responded with a status of 403 (Forbidden) @ http://localhost:3111/api/rdts/catalogos?proyectoId=51f5905b-6198-46b3-a3d3-abd4793c0e7c:0
[  263418ms] [ERROR] Failed to load resource: the server responded with a status of 403 (Forbidden) @ http://localhost:3111/api/rdts/catalogos?proyectoId=51f5905b-6198-46b3-a3d3-abd4793c0e7c:0
[  269809ms] [ERROR] Failed to load resource: the server responded with a status of 403 (Forbidden) @ http://localhost:3111/api/rdts/catalogos?proyectoId=51f5905b-6198-46b3-a3d3-abd4793c0e7c:0
[  271029ms] [ERROR] Failed to load resource: the server responded with a status of 403 (Forbidden) @ http://localhost:3111/api/plan-maestro?proyectoId=51f5905b-6198-46b3-a3d3-abd4793c0e7c:0
[  273903ms] [ERROR] Failed to load resource: the server responded with a status of 403 (Forbidden) @ http://localhost:3111/api/rdts/catalogos?proyectoId=51f5905b-6198-46b3-a3d3-abd4793c0e7c:0
[  275253ms] [ERROR] Failed to load resource: the server responded with a status of 403 (Forbidden) @ http://localhost:3111/api/plan-maestro?proyectoId=51f5905b-6198-46b3-a3d3-abd4793c0e7c:0
[  336329ms] [ERROR] Failed to load resource: the server responded with a status of 403 (Forbidden) @ http://localhost:3111/api/plan-maestro?proyectoId=51f5905b-6198-46b3-a3d3-abd4793c0e7c:0
[  337522ms] [ERROR] Failed to load resource: the server responded with a status of 403 (Forbidden) @ http://localhost:3111/api/rdts/catalogos?proyectoId=51f5905b-6198-46b3-a3d3-abd4793c0e7c:0
[  349254ms] [ERROR] Failed to load resource: the server responded with a status of 403 (Forbidden) @ http://localhost:3111/api/rdts/catalogos?proyectoId=51f5905b-6198-46b3-a3d3-abd4793c0e7c:0
[  360514ms] [ERROR] Failed to load resource: the server responded with a status of 403 (Forbidden) @ http://localhost:3111/api/rdts/catalogos?proyectoId=51f5905b-6198-46b3-a3d3-abd4793c0e7c:0
