[    6460ms] [VERBOSE] [DOM] Input elements should have autocomplete attributes (suggested: "current-password"): (More info: https://goo.gl/9p2vKq) %o @ http://localhost:3115/login:0
[    8342ms] [INFO] %cDownload the React DevTools for a better development experience: https://react.dev/link/react-devtools font-weight:bold @ webpack-internal:///(app-pages-browser)/../../node_modules/next/dist/next-devtools/shared/forward-logs-shared.js:44
[    8540ms] [LOG] [HMR] connected @ webpack-internal:///(app-pages-browser)/../../node_modules/next/dist/next-devtools/shared/forward-logs-shared.js:44
[   18277ms] [LOG] [Fast Refresh] rebuilding @ webpack-internal:///(app-pages-browser)/../../node_modules/next/dist/next-devtools/shared/forward-logs-shared.js:44
[   20531ms] [LOG] [Fast Refresh] rebuilding @ webpack-internal:///(app-pages-browser)/../../node_modules/next/dist/next-devtools/shared/forward-logs-shared.js:44
[   20757ms] [LOG] [Fast Refresh] done in 224ms @ webpack-internal:///(app-pages-browser)/../../node_modules/next/dist/next-devtools/shared/forward-logs-shared.js:44
[   21144ms] [LOG] [Fast Refresh] done in 612ms @ webpack-internal:///(app-pages-browser)/../../node_modules/next/dist/next-devtools/shared/forward-logs-shared.js:44
[   25765ms] [LOG] [Fast Refresh] rebuilding @ webpack-internal:///(app-pages-browser)/../../node_modules/next/dist/next-devtools/shared/forward-logs-shared.js:44
[   26296ms] [LOG] [Fast Refresh] rebuilding @ webpack-internal:///(app-pages-browser)/../../node_modules/next/dist/next-devtools/shared/forward-logs-shared.js:44
[   26565ms] [LOG] [Fast Refresh] done in 269ms @ webpack-internal:///(app-pages-browser)/../../node_modules/next/dist/next-devtools/shared/forward-logs-shared.js:44
[   26647ms] [LOG] [Fast Refresh] done in 351ms @ webpack-internal:///(app-pages-browser)/../../node_modules/next/dist/next-devtools/shared/forward-logs-shared.js:44
[   33449ms] [LOG] [Fast Refresh] rebuilding @ webpack-internal:///(app-pages-browser)/../../node_modules/next/dist/next-devtools/shared/forward-logs-shared.js:44
[   34158ms] [LOG] [Fast Refresh] done in 708ms @ webpack-internal:///(app-pages-browser)/../../node_modules/next/dist/next-devtools/shared/forward-logs-shared.js:44
[   62603ms] [LOG] [Fast Refresh] rebuilding @ webpack-internal:///(app-pages-browser)/../../node_modules/next/dist/next-devtools/shared/forward-logs-shared.js:44
[   65656ms] [LOG] [Fast Refresh] done in 3052ms @ webpack-internal:///(app-pages-browser)/../../node_modules/next/dist/next-devtools/shared/forward-logs-shared.js:44
[   75523ms] [WARNING] The resource http://localhost:3115/_next/static/css/app/layout.css?v=1790975366737 was preloaded using link preload but not used within a few seconds from the window's load event. Please make sure it has an appropriate `as` value and it is preloaded intentionally. @ http://localhost:3115/programas/2cc56c7d-6273-4ac3-82e2-46121e37092b/portafolios/31598abb-e89a-4a8a-98af-bdbbe413d973:0
[   75523ms] [WARNING] The resource http://localhost:3115/_next/static/css/app/layout.css?v=1790975368146 was preloaded using link preload but not used within a few seconds from the window's load event. Please make sure it has an appropriate `as` value and it is preloaded intentionally. @ http://localhost:3115/programas/2cc56c7d-6273-4ac3-82e2-46121e37092b/portafolios/31598abb-e89a-4a8a-98af-bdbbe413d973:0
[   75523ms] [WARNING] The resource http://localhost:3115/_next/static/css/app/layout.css?v=1790975372099 was preloaded using link preload but not used within a few seconds from the window's load event. Please make sure it has an appropriate `as` value and it is preloaded intentionally. @ http://localhost:3115/programas/2cc56c7d-6273-4ac3-82e2-46121e37092b/portafolios/31598abb-e89a-4a8a-98af-bdbbe413d973:0
[   80508ms] [WARNING] The resource http://localhost:3115/_next/static/css/app/layout.css?v=1790975366737 was preloaded using link preload but not used within a few seconds from the window's load event. Please make sure it has an appropriate `as` value and it is preloaded intentionally. @ http://localhost:3115/programas/2cc56c7d-6273-4ac3-82e2-46121e37092b/portafolios/31598abb-e89a-4a8a-98af-bdbbe413d973:0
[   80508ms] [WARNING] The resource http://localhost:3115/_next/static/css/app/layout.css?v=1790975368146 was preloaded using link preload but not used within a few seconds from the window's load event. Please make sure it has an appropriate `as` value and it is preloaded intentionally. @ http://localhost:3115/programas/2cc56c7d-6273-4ac3-82e2-46121e37092b/portafolios/31598abb-e89a-4a8a-98af-bdbbe413d973:0
[   80508ms] [WARNING] The resource http://localhost:3115/_next/static/css/app/layout.css?v=1790975372099 was preloaded using link preload but not used within a few seconds from the window's load event. Please make sure it has an appropriate `as` value and it is preloaded intentionally. @ http://localhost:3115/programas/2cc56c7d-6273-4ac3-82e2-46121e37092b/portafolios/31598abb-e89a-4a8a-98af-bdbbe413d973:0
[  140335ms] [WARNING] The resource http://localhost:3115/_next/static/css/app/layout.css?v=1790975366737 was preloaded using link preload but not used within a few seconds from the window's load event. Please make sure it has an appropriate `as` value and it is preloaded intentionally. @ http://localhost:3115/programas/2cc56c7d-6273-4ac3-82e2-46121e37092b/portafolios/31598abb-e89a-4a8a-98af-bdbbe413d973:0
[  140336ms] [WARNING] The resource http://localhost:3115/_next/static/css/app/layout.css?v=1790975368146 was preloaded using link preload but not used within a few seconds from the window's load event. Please make sure it has an appropriate `as` value and it is preloaded intentionally. @ http://localhost:3115/programas/2cc56c7d-6273-4ac3-82e2-46121e37092b/portafolios/31598abb-e89a-4a8a-98af-bdbbe413d973:0
[  140336ms] [WARNING] The resource http://localhost:3115/_next/static/css/app/layout.css?v=1790975372099 was preloaded using link preload but not used within a few seconds from the window's load event. Please make sure it has an appropriate `as` value and it is preloaded intentionally. @ http://localhost:3115/programas/2cc56c7d-6273-4ac3-82e2-46121e37092b/portafolios/31598abb-e89a-4a8a-98af-bdbbe413d973:0
[  170508ms] [WARNING] The resource http://localhost:3115/_next/static/css/app/layout.css?v=1790975366737 was preloaded using link preload but not used within a few seconds from the window's load event. Please make sure it has an appropriate `as` value and it is preloaded intentionally. @ http://localhost:3115/programas/2cc56c7d-6273-4ac3-82e2-46121e37092b/portafolios/31598abb-e89a-4a8a-98af-bdbbe413d973:0
[  170508ms] [WARNING] The resource http://localhost:3115/_next/static/css/app/layout.css?v=1790975368146 was preloaded using link preload but not used within a few seconds from the window's load event. Please make sure it has an appropriate `as` value and it is preloaded intentionally. @ http://localhost:3115/programas/2cc56c7d-6273-4ac3-82e2-46121e37092b/portafolios/31598abb-e89a-4a8a-98af-bdbbe413d973:0
[  170508ms] [WARNING] The resource http://localhost:3115/_next/static/css/app/layout.css?v=1790975372099 was preloaded using link preload but not used within a few seconds from the window's load event. Please make sure it has an appropriate `as` value and it is preloaded intentionally. @ http://localhost:3115/programas/2cc56c7d-6273-4ac3-82e2-46121e37092b/portafolios/31598abb-e89a-4a8a-98af-bdbbe413d973:0
[  171251ms] [LOG] [Fast Refresh] rebuilding @ webpack-internal:///(app-pages-browser)/../../node_modules/next/dist/next-devtools/shared/forward-logs-shared.js:44
[  172385ms] [LOG] [Fast Refresh] done in 1134ms @ webpack-internal:///(app-pages-browser)/../../node_modules/next/dist/next-devtools/shared/forward-logs-shared.js:44
[  188828ms] [LOG] [Fast Refresh] rebuilding @ webpack-internal:///(app-pages-browser)/../../node_modules/next/dist/next-devtools/shared/forward-logs-shared.js:44
[  189772ms] [LOG] [Fast Refresh] done in 945ms @ webpack-internal:///(app-pages-browser)/../../node_modules/next/dist/next-devtools/shared/forward-logs-shared.js:44
[  191674ms] [ERROR] Failed to load resource: the server responded with a status of 405 (Method Not Allowed) @ http://localhost:3115/api/proyectos/da33f1fa-0d2c-4cf6-adf3-2d723390b44d/dp:0
[  230513ms] [WARNING] The resource http://localhost:3115/_next/static/css/app/layout.css?v=1790975366737 was preloaded using link preload but not used within a few seconds from the window's load event. Please make sure it has an appropriate `as` value and it is preloaded intentionally. @ http://localhost:3115/programas/2cc56c7d-6273-4ac3-82e2-46121e37092b/portafolios/31598abb-e89a-4a8a-98af-bdbbe413d973:0
[  230513ms] [WARNING] The resource http://localhost:3115/_next/static/css/app/layout.css?v=1790975368146 was preloaded using link preload but not used within a few seconds from the window's load event. Please make sure it has an appropriate `as` value and it is preloaded intentionally. @ http://localhost:3115/programas/2cc56c7d-6273-4ac3-82e2-46121e37092b/portafolios/31598abb-e89a-4a8a-98af-bdbbe413d973:0
[  230513ms] [WARNING] The resource http://localhost:3115/_next/static/css/app/layout.css?v=1790975372099 was preloaded using link preload but not used within a few seconds from the window's load event. Please make sure it has an appropriate `as` value and it is preloaded intentionally. @ http://localhost:3115/programas/2cc56c7d-6273-4ac3-82e2-46121e37092b/portafolios/31598abb-e89a-4a8a-98af-bdbbe413d973:0
[  232406ms] [LOG] [Fast Refresh] rebuilding @ webpack-internal:///(app-pages-browser)/../../node_modules/next/dist/next-devtools/shared/forward-logs-shared.js:44
[  233178ms] [LOG] [Fast Refresh] done in 772ms @ webpack-internal:///(app-pages-browser)/../../node_modules/next/dist/next-devtools/shared/forward-logs-shared.js:44
[  234671ms] [LOG] [Fast Refresh] rebuilding @ webpack-internal:///(app-pages-browser)/../../node_modules/next/dist/next-devtools/shared/forward-logs-shared.js:44
[  235530ms] [LOG] [Fast Refresh] done in 859ms @ webpack-internal:///(app-pages-browser)/../../node_modules/next/dist/next-devtools/shared/forward-logs-shared.js:44
[  247279ms] [LOG] [Fast Refresh] rebuilding @ webpack-internal:///(app-pages-browser)/../../node_modules/next/dist/next-devtools/shared/forward-logs-shared.js:44
[  247766ms] [LOG] [Fast Refresh] done in 488ms @ webpack-internal:///(app-pages-browser)/../../node_modules/next/dist/next-devtools/shared/forward-logs-shared.js:44
[  259102ms] [LOG] [Fast Refresh] rebuilding @ webpack-internal:///(app-pages-browser)/../../node_modules/next/dist/next-devtools/shared/forward-logs-shared.js:44
[  259783ms] [LOG] [Fast Refresh] done in 680ms @ webpack-internal:///(app-pages-browser)/../../node_modules/next/dist/next-devtools/shared/forward-logs-shared.js:44
[  275431ms] [WARNING] The resource http://localhost:3115/_next/static/css/app/layout.css?v=1790975366737 was preloaded using link preload but not used within a few seconds from the window's load event. Please make sure it has an appropriate `as` value and it is preloaded intentionally. @ http://localhost:3115/programas/2cc56c7d-6273-4ac3-82e2-46121e37092b/portafolios/31598abb-e89a-4a8a-98af-bdbbe413d973:0
[  275431ms] [WARNING] The resource http://localhost:3115/_next/static/css/app/layout.css?v=1790975368146 was preloaded using link preload but not used within a few seconds from the window's load event. Please make sure it has an appropriate `as` value and it is preloaded intentionally. @ http://localhost:3115/programas/2cc56c7d-6273-4ac3-82e2-46121e37092b/portafolios/31598abb-e89a-4a8a-98af-bdbbe413d973:0
[  275431ms] [WARNING] The resource http://localhost:3115/_next/static/css/app/layout.css?v=1790975372099 was preloaded using link preload but not used within a few seconds from the window's load event. Please make sure it has an appropriate `as` value and it is preloaded intentionally. @ http://localhost:3115/programas/2cc56c7d-6273-4ac3-82e2-46121e37092b/portafolios/31598abb-e89a-4a8a-98af-bdbbe413d973:0
[  285483ms] [WARNING] The resource http://localhost:3115/_next/static/css/app/layout.css?v=1790975366737 was preloaded using link preload but not used within a few seconds from the window's load event. Please make sure it has an appropriate `as` value and it is preloaded intentionally. @ http://localhost:3115/programas/2cc56c7d-6273-4ac3-82e2-46121e37092b/portafolios/31598abb-e89a-4a8a-98af-bdbbe413d973:0
[  285483ms] [WARNING] The resource http://localhost:3115/_next/static/css/app/layout.css?v=1790975368146 was preloaded using link preload but not used within a few seconds from the window's load event. Please make sure it has an appropriate `as` value and it is preloaded intentionally. @ http://localhost:3115/programas/2cc56c7d-6273-4ac3-82e2-46121e37092b/portafolios/31598abb-e89a-4a8a-98af-bdbbe413d973:0
[  285483ms] [WARNING] The resource http://localhost:3115/_next/static/css/app/layout.css?v=1790975372099 was preloaded using link preload but not used within a few seconds from the window's load event. Please make sure it has an appropriate `as` value and it is preloaded intentionally. @ http://localhost:3115/programas/2cc56c7d-6273-4ac3-82e2-46121e37092b/portafolios/31598abb-e89a-4a8a-98af-bdbbe413d973:0
[  290419ms] [WARNING] The resource http://localhost:3115/_next/static/css/app/layout.css?v=1790975366737 was preloaded using link preload but not used within a few seconds from the window's load event. Please make sure it has an appropriate `as` value and it is preloaded intentionally. @ http://localhost:3115/programas/2cc56c7d-6273-4ac3-82e2-46121e37092b/portafolios/31598abb-e89a-4a8a-98af-bdbbe413d973:0
[  290419ms] [WARNING] The resource http://localhost:3115/_next/static/css/app/layout.css?v=1790975368146 was preloaded using link preload but not used within a few seconds from the window's load event. Please make sure it has an appropriate `as` value and it is preloaded intentionally. @ http://localhost:3115/programas/2cc56c7d-6273-4ac3-82e2-46121e37092b/portafolios/31598abb-e89a-4a8a-98af-bdbbe413d973:0
[  290419ms] [WARNING] The resource http://localhost:3115/_next/static/css/app/layout.css?v=1790975372099 was preloaded using link preload but not used within a few seconds from the window's load event. Please make sure it has an appropriate `as` value and it is preloaded intentionally. @ http://localhost:3115/programas/2cc56c7d-6273-4ac3-82e2-46121e37092b/portafolios/31598abb-e89a-4a8a-98af-bdbbe413d973:0
[  295423ms] [WARNING] The resource http://localhost:3115/_next/static/css/app/layout.css?v=1790975366737 was preloaded using link preload but not used within a few seconds from the window's load event. Please make sure it has an appropriate `as` value and it is preloaded intentionally. @ http://localhost:3115/programas/2cc56c7d-6273-4ac3-82e2-46121e37092b/portafolios/31598abb-e89a-4a8a-98af-bdbbe413d973:0
[  295423ms] [WARNING] The resource http://localhost:3115/_next/static/css/app/layout.css?v=1790975368146 was preloaded using link preload but not used within a few seconds from the window's load event. Please make sure it has an appropriate `as` value and it is preloaded intentionally. @ http://localhost:3115/programas/2cc56c7d-6273-4ac3-82e2-46121e37092b/portafolios/31598abb-e89a-4a8a-98af-bdbbe413d973:0
[  295423ms] [WARNING] The resource http://localhost:3115/_next/static/css/app/layout.css?v=1790975372099 was preloaded using link preload but not used within a few seconds from the window's load event. Please make sure it has an appropriate `as` value and it is preloaded intentionally. @ http://localhost:3115/programas/2cc56c7d-6273-4ac3-82e2-46121e37092b/portafolios/31598abb-e89a-4a8a-98af-bdbbe413d973:0
[  305235ms] [LOG] [Fast Refresh] rebuilding @ webpack-internal:///(app-pages-browser)/../../node_modules/next/dist/next-devtools/shared/forward-logs-shared.js:44
[  305515ms] [LOG] [Fast Refresh] done in 280ms @ webpack-internal:///(app-pages-browser)/../../node_modules/next/dist/next-devtools/shared/forward-logs-shared.js:44
[  315471ms] [WARNING] The resource http://localhost:3115/_next/static/css/app/layout.css?v=1790975366737 was preloaded using link preload but not used within a few seconds from the window's load event. Please make sure it has an appropriate `as` value and it is preloaded intentionally. @ http://localhost:3115/programas/2cc56c7d-6273-4ac3-82e2-46121e37092b/portafolios/31598abb-e89a-4a8a-98af-bdbbe413d973:0
[  315472ms] [WARNING] The resource http://localhost:3115/_next/static/css/app/layout.css?v=1790975368146 was preloaded using link preload but not used within a few seconds from the window's load event. Please make sure it has an appropriate `as` value and it is preloaded intentionally. @ http://localhost:3115/programas/2cc56c7d-6273-4ac3-82e2-46121e37092b/portafolios/31598abb-e89a-4a8a-98af-bdbbe413d973:0
[  315472ms] [WARNING] The resource http://localhost:3115/_next/static/css/app/layout.css?v=1790975372099 was preloaded using link preload but not used within a few seconds from the window's load event. Please make sure it has an appropriate `as` value and it is preloaded intentionally. @ http://localhost:3115/programas/2cc56c7d-6273-4ac3-82e2-46121e37092b/portafolios/31598abb-e89a-4a8a-98af-bdbbe413d973:0
[  320381ms] [WARNING] The resource http://localhost:3115/_next/static/css/app/layout.css?v=1790975366737 was preloaded using link preload but not used within a few seconds from the window's load event. Please make sure it has an appropriate `as` value and it is preloaded intentionally. @ http://localhost:3115/programas/2cc56c7d-6273-4ac3-82e2-46121e37092b/portafolios/31598abb-e89a-4a8a-98af-bdbbe413d973:0
[  320381ms] [WARNING] The resource http://localhost:3115/_next/static/css/app/layout.css?v=1790975368146 was preloaded using link preload but not used within a few seconds from the window's load event. Please make sure it has an appropriate `as` value and it is preloaded intentionally. @ http://localhost:3115/programas/2cc56c7d-6273-4ac3-82e2-46121e37092b/portafolios/31598abb-e89a-4a8a-98af-bdbbe413d973:0
[  320381ms] [WARNING] The resource http://localhost:3115/_next/static/css/app/layout.css?v=1790975372099 was preloaded using link preload but not used within a few seconds from the window's load event. Please make sure it has an appropriate `as` value and it is preloaded intentionally. @ http://localhost:3115/programas/2cc56c7d-6273-4ac3-82e2-46121e37092b/portafolios/31598abb-e89a-4a8a-98af-bdbbe413d973:0
[  326820ms] [LOG] [Fast Refresh] rebuilding @ webpack-internal:///(app-pages-browser)/../../node_modules/next/dist/next-devtools/shared/forward-logs-shared.js:44
[  327286ms] [LOG] [Fast Refresh] done in 466ms @ webpack-internal:///(app-pages-browser)/../../node_modules/next/dist/next-devtools/shared/forward-logs-shared.js:44
[  344879ms] [LOG] [Fast Refresh] rebuilding @ webpack-internal:///(app-pages-browser)/../../node_modules/next/dist/next-devtools/shared/forward-logs-shared.js:44
[  345218ms] [LOG] [Fast Refresh] done in 339ms @ webpack-internal:///(app-pages-browser)/../../node_modules/next/dist/next-devtools/shared/forward-logs-shared.js:44
[  355486ms] [WARNING] The resource http://localhost:3115/_next/static/css/app/layout.css?v=1790975366737 was preloaded using link preload but not used within a few seconds from the window's load event. Please make sure it has an appropriate `as` value and it is preloaded intentionally. @ http://localhost:3115/programas/2cc56c7d-6273-4ac3-82e2-46121e37092b/portafolios/31598abb-e89a-4a8a-98af-bdbbe413d973:0
[  355486ms] [WARNING] The resource http://localhost:3115/_next/static/css/app/layout.css?v=1790975368146 was preloaded using link preload but not used within a few seconds from the window's load event. Please make sure it has an appropriate `as` value and it is preloaded intentionally. @ http://localhost:3115/programas/2cc56c7d-6273-4ac3-82e2-46121e37092b/portafolios/31598abb-e89a-4a8a-98af-bdbbe413d973:0
[  355486ms] [WARNING] The resource http://localhost:3115/_next/static/css/app/layout.css?v=1790975372099 was preloaded using link preload but not used within a few seconds from the window's load event. Please make sure it has an appropriate `as` value and it is preloaded intentionally. @ http://localhost:3115/programas/2cc56c7d-6273-4ac3-82e2-46121e37092b/portafolios/31598abb-e89a-4a8a-98af-bdbbe413d973:0
[  360473ms] [WARNING] The resource http://localhost:3115/_next/static/css/app/layout.css?v=1790975366737 was preloaded using link preload but not used within a few seconds from the window's load event. Please make sure it has an appropriate `as` value and it is preloaded intentionally. @ http://localhost:3115/programas/2cc56c7d-6273-4ac3-82e2-46121e37092b/portafolios/31598abb-e89a-4a8a-98af-bdbbe413d973:0
[  360473ms] [WARNING] The resource http://localhost:3115/_next/static/css/app/layout.css?v=1790975368146 was preloaded using link preload but not used within a few seconds from the window's load event. Please make sure it has an appropriate `as` value and it is preloaded intentionally. @ http://localhost:3115/programas/2cc56c7d-6273-4ac3-82e2-46121e37092b/portafolios/31598abb-e89a-4a8a-98af-bdbbe413d973:0
[  360473ms] [WARNING] The resource http://localhost:3115/_next/static/css/app/layout.css?v=1790975372099 was preloaded using link preload but not used within a few seconds from the window's load event. Please make sure it has an appropriate `as` value and it is preloaded intentionally. @ http://localhost:3115/programas/2cc56c7d-6273-4ac3-82e2-46121e37092b/portafolios/31598abb-e89a-4a8a-98af-bdbbe413d973:0
